Archive member included to satisfy reference by file (symbol)

d:/atmel studio/7.0/toolchain/avr8/avr8-gnu-toolchain/bin/../lib/gcc/avr/5.4.0/../../../../avr/lib/avr5\libm.a(addsf3.o)
                              HAL/LEDMRX.o (__addsf3)
d:/atmel studio/7.0/toolchain/avr8/avr8-gnu-toolchain/bin/../lib/gcc/avr/5.4.0/../../../../avr/lib/avr5\libm.a(addsf3x.o)
                              d:/atmel studio/7.0/toolchain/avr8/avr8-gnu-toolchain/bin/../lib/gcc/avr/5.4.0/../../../../avr/lib/avr5\libm.a(addsf3.o) (__addsf3x)
d:/atmel studio/7.0/toolchain/avr8/avr8-gnu-toolchain/bin/../lib/gcc/avr/5.4.0/../../../../avr/lib/avr5\libm.a(cmpsf2.o)
                              HAL/LCD.o (__ltsf2)
d:/atmel studio/7.0/toolchain/avr8/avr8-gnu-toolchain/bin/../lib/gcc/avr/5.4.0/../../../../avr/lib/avr5\libm.a(divsf3.o)
                              HAL/LEDMRX.o (__divsf3)
d:/atmel studio/7.0/toolchain/avr8/avr8-gnu-toolchain/bin/../lib/gcc/avr/5.4.0/../../../../avr/lib/avr5\libm.a(divsf3x.o)
                              d:/atmel studio/7.0/toolchain/avr8/avr8-gnu-toolchain/bin/../lib/gcc/avr/5.4.0/../../../../avr/lib/avr5\libm.a(divsf3.o) (__divsf3x)
d:/atmel studio/7.0/toolchain/avr8/avr8-gnu-toolchain/bin/../lib/gcc/avr/5.4.0/../../../../avr/lib/avr5\libm.a(fixunssfsi.o)
                              HAL/LCD.o (__fixunssfsi)
d:/atmel studio/7.0/toolchain/avr8/avr8-gnu-toolchain/bin/../lib/gcc/avr/5.4.0/../../../../avr/lib/avr5\libm.a(fp_cmp.o)
                              d:/atmel studio/7.0/toolchain/avr8/avr8-gnu-toolchain/bin/../lib/gcc/avr/5.4.0/../../../../avr/lib/avr5\libm.a(cmpsf2.o) (__fp_cmp)
d:/atmel studio/7.0/toolchain/avr8/avr8-gnu-toolchain/bin/../lib/gcc/avr/5.4.0/../../../../avr/lib/avr5\libm.a(fp_inf.o)
                              d:/atmel studio/7.0/toolchain/avr8/avr8-gnu-toolchain/bin/../lib/gcc/avr/5.4.0/../../../../avr/lib/avr5\libm.a(addsf3x.o) (__fp_inf)
d:/atmel studio/7.0/toolchain/avr8/avr8-gnu-toolchain/bin/../lib/gcc/avr/5.4.0/../../../../avr/lib/avr5\libm.a(fp_nan.o)
                              d:/atmel studio/7.0/toolchain/avr8/avr8-gnu-toolchain/bin/../lib/gcc/avr/5.4.0/../../../../avr/lib/avr5\libm.a(addsf3x.o) (__fp_nan)
d:/atmel studio/7.0/toolchain/avr8/avr8-gnu-toolchain/bin/../lib/gcc/avr/5.4.0/../../../../avr/lib/avr5\libm.a(fp_pscA.o)
                              d:/atmel studio/7.0/toolchain/avr8/avr8-gnu-toolchain/bin/../lib/gcc/avr/5.4.0/../../../../avr/lib/avr5\libm.a(addsf3x.o) (__fp_pscA)
d:/atmel studio/7.0/toolchain/avr8/avr8-gnu-toolchain/bin/../lib/gcc/avr/5.4.0/../../../../avr/lib/avr5\libm.a(fp_pscB.o)
                              d:/atmel studio/7.0/toolchain/avr8/avr8-gnu-toolchain/bin/../lib/gcc/avr/5.4.0/../../../../avr/lib/avr5\libm.a(addsf3x.o) (__fp_pscB)
d:/atmel studio/7.0/toolchain/avr8/avr8-gnu-toolchain/bin/../lib/gcc/avr/5.4.0/../../../../avr/lib/avr5\libm.a(fp_round.o)
                              d:/atmel studio/7.0/toolchain/avr8/avr8-gnu-toolchain/bin/../lib/gcc/avr/5.4.0/../../../../avr/lib/avr5\libm.a(addsf3.o) (__fp_round)
d:/atmel studio/7.0/toolchain/avr8/avr8-gnu-toolchain/bin/../lib/gcc/avr/5.4.0/../../../../avr/lib/avr5\libm.a(fp_split3.o)
                              d:/atmel studio/7.0/toolchain/avr8/avr8-gnu-toolchain/bin/../lib/gcc/avr/5.4.0/../../../../avr/lib/avr5\libm.a(addsf3x.o) (__fp_split3)
d:/atmel studio/7.0/toolchain/avr8/avr8-gnu-toolchain/bin/../lib/gcc/avr/5.4.0/../../../../avr/lib/avr5\libm.a(fp_zero.o)
                              d:/atmel studio/7.0/toolchain/avr8/avr8-gnu-toolchain/bin/../lib/gcc/avr/5.4.0/../../../../avr/lib/avr5\libm.a(addsf3x.o) (__fp_zero)
d:/atmel studio/7.0/toolchain/avr8/avr8-gnu-toolchain/bin/../lib/gcc/avr/5.4.0/../../../../avr/lib/avr5\libm.a(gesf2.o)
                              HAL/LCD.o (__gtsf2)
d:/atmel studio/7.0/toolchain/avr8/avr8-gnu-toolchain/bin/../lib/gcc/avr/5.4.0/../../../../avr/lib/avr5\libm.a(mulsf3.o)
                              HAL/LCD.o (__mulsf3)
d:/atmel studio/7.0/toolchain/avr8/avr8-gnu-toolchain/bin/../lib/gcc/avr/5.4.0/../../../../avr/lib/avr5\libm.a(mulsf3x.o)
                              d:/atmel studio/7.0/toolchain/avr8/avr8-gnu-toolchain/bin/../lib/gcc/avr/5.4.0/../../../../avr/lib/avr5\libm.a(mulsf3.o) (__mulsf3x)
d:/atmel studio/7.0/toolchain/avr8/avr8-gnu-toolchain/bin/../lib/gcc/avr/5.4.0/avr5\libgcc.a(_udivmodsi4.o)
                              HAL/Sensors.o (__udivmodsi4)
d:/atmel studio/7.0/toolchain/avr8/avr8-gnu-toolchain/bin/../lib/gcc/avr/5.4.0/avr5\libgcc.a(_divmodsi4.o)
                              HAL/LCD.o (__divmodsi4)
d:/atmel studio/7.0/toolchain/avr8/avr8-gnu-toolchain/bin/../lib/gcc/avr/5.4.0/avr5\libgcc.a(_negsi2.o)
                              d:/atmel studio/7.0/toolchain/avr8/avr8-gnu-toolchain/bin/../lib/gcc/avr/5.4.0/avr5\libgcc.a(_divmodsi4.o) (__negsi2)
d:/atmel studio/7.0/toolchain/avr8/avr8-gnu-toolchain/bin/../lib/gcc/avr/5.4.0/avr5\libgcc.a(_exit.o)
                              D:/ATmel studio/7.0/Packs/atmel/ATmega_DFP/1.7.374/gcc/dev/atmega32/avr5/crtatmega32.o (exit)
d:/atmel studio/7.0/toolchain/avr8/avr8-gnu-toolchain/bin/../lib/gcc/avr/5.4.0/avr5\libgcc.a(_tablejump2.o)
                              MCAL/Timer.o (__tablejump2__)
d:/atmel studio/7.0/toolchain/avr8/avr8-gnu-toolchain/bin/../lib/gcc/avr/5.4.0/avr5\libgcc.a(_copy_data.o)
                              APP/App.o (__do_copy_data)
d:/atmel studio/7.0/toolchain/avr8/avr8-gnu-toolchain/bin/../lib/gcc/avr/5.4.0/avr5\libgcc.a(_clear_bss.o)
                              APP/App.o (__do_clear_bss)
d:/atmel studio/7.0/toolchain/avr8/avr8-gnu-toolchain/bin/../lib/gcc/avr/5.4.0/avr5\libgcc.a(_umulhisi3.o)
                              APP/App.o (__umulhisi3)
d:/atmel studio/7.0/toolchain/avr8/avr8-gnu-toolchain/bin/../lib/gcc/avr/5.4.0/avr5\libgcc.a(_muluhisi3.o)
                              HAL/Sensors.o (__muluhisi3)
d:/atmel studio/7.0/toolchain/avr8/avr8-gnu-toolchain/bin/../lib/gcc/avr/5.4.0/../../../../avr/lib/avr5\libc.a(memcpy.o)
                              FreeRTOS/Sources/queue.o (memcpy)
d:/atmel studio/7.0/toolchain/avr8/avr8-gnu-toolchain/bin/../lib/gcc/avr/5.4.0/../../../../avr/lib/avr5\libc.a(memset.o)
                              FreeRTOS/Sources/tasks.o (memset)
d:/atmel studio/7.0/toolchain/avr8/avr8-gnu-toolchain/bin/../lib/gcc/avr/5.4.0/../../../../avr/lib/avr5\libc.a(strncpy.o)
                              FreeRTOS/Sources/tasks.o (strncpy)
D:/ATmel studio/7.0/Packs/atmel/ATmega_DFP/1.7.374/gcc/dev/atmega32/avr5\libatmega32.a(eeupd_byte.o)
                              Parser.o (eeprom_update_byte)

Allocating common symbols
Common symbol       size              file

t3                  0x1               HAL/Sensors.o
c7                  0x1               HAL/Sensors.o
c6                  0x1               HAL/Sensors.o
t5                  0x1               HAL/Sensors.o
c4                  0x1               HAL/Sensors.o
c2                  0x1               HAL/Sensors.o
TX_Str              0x2               MCAL/UART_Services.o
queue               0x14              HAL/Sensors.o
OCR1B_value         0x2               HAL/Servo.o
t2                  0x1               HAL/Sensors.o
temp                0x2               APP/App.o
t8                  0x1               HAL/Sensors.o
stack               0x5               MCAL/UARTstackApp.o
t4                  0x1               HAL/Sensors.o
c8                  0x1               HAL/Sensors.o
c5                  0x1               HAL/Sensors.o
c1                  0x1               HAL/Sensors.o
tempsent            0x1               APP/App.o
t1                  0x1               HAL/Sensors.o
roomind             0x1               APP/App.o
c3                  0x1               HAL/Sensors.o
t6                  0x1               HAL/Sensors.o
timeg               0x2               MCAL/Timer.o
t7                  0x1               HAL/Sensors.o

Discarded input sections

 .data          0x00000000        0x0 D:/ATmel studio/7.0/Packs/atmel/ATmega_DFP/1.7.374/gcc/dev/atmega32/avr5/crtatmega32.o
 .bss           0x00000000        0x0 D:/ATmel studio/7.0/Packs/atmel/ATmega_DFP/1.7.374/gcc/dev/atmega32/avr5/crtatmega32.o
 .text          0x00000000        0x0 APP/App.o
 .data          0x00000000        0x0 APP/App.o
 .bss           0x00000000        0x0 APP/App.o
 .text          0x00000000        0x0 FreeRTOS/Sources/croutine.o
 .data          0x00000000        0x0 FreeRTOS/Sources/croutine.o
 .bss           0x00000000        0x0 FreeRTOS/Sources/croutine.o
 .bss.pxReadyCoRoutineLists
                0x00000000       0x12 FreeRTOS/Sources/croutine.o
 .bss.xDelayedCoRoutineList1
                0x00000000        0x9 FreeRTOS/Sources/croutine.o
 .bss.xDelayedCoRoutineList2
                0x00000000        0x9 FreeRTOS/Sources/croutine.o
 .bss.pxDelayedCoRoutineList
                0x00000000        0x2 FreeRTOS/Sources/croutine.o
 .bss.pxOverflowDelayedCoRoutineList
                0x00000000        0x2 FreeRTOS/Sources/croutine.o
 .bss.xPendingReadyCoRoutineList
                0x00000000        0x9 FreeRTOS/Sources/croutine.o
 .bss.pxCurrentCoRoutine
                0x00000000        0x2 FreeRTOS/Sources/croutine.o
 .bss.uxTopCoRoutineReadyPriority
                0x00000000        0x1 FreeRTOS/Sources/croutine.o
 .bss.xCoRoutineTickCount
                0x00000000        0x2 FreeRTOS/Sources/croutine.o
 .bss.xLastTickCount
                0x00000000        0x2 FreeRTOS/Sources/croutine.o
 .bss.xPassedTicks
                0x00000000        0x2 FreeRTOS/Sources/croutine.o
 .text.xCoRoutineCreate
                0x00000000      0x138 FreeRTOS/Sources/croutine.o
 .text.vCoRoutineAddToDelayedList
                0x00000000       0xca FreeRTOS/Sources/croutine.o
 .text.prvCheckPendingReadyList
                0x00000000       0x9a FreeRTOS/Sources/croutine.o
 .text.prvCheckDelayedList
                0x00000000      0x16e FreeRTOS/Sources/croutine.o
 .text.vCoRoutineSchedule
                0x00000000      0x10a FreeRTOS/Sources/croutine.o
 .text.prvInitialiseCoRoutineLists
                0x00000000       0x74 FreeRTOS/Sources/croutine.o
 .text.xCoRoutineRemoveFromEventList
                0x00000000       0x72 FreeRTOS/Sources/croutine.o
 .comment       0x00000000       0x31 FreeRTOS/Sources/croutine.o
 .text          0x00000000        0x0 FreeRTOS/Sources/heap_1.o
 .data          0x00000000        0x0 FreeRTOS/Sources/heap_1.o
 .bss           0x00000000        0x0 FreeRTOS/Sources/heap_1.o
 .text.vPortInitialiseBlocks
                0x00000000       0x18 FreeRTOS/Sources/heap_1.o
 .text.xPortGetFreeHeapSize
                0x00000000       0x22 FreeRTOS/Sources/heap_1.o
 .text          0x00000000        0x0 FreeRTOS/Sources/list.o
 .data          0x00000000        0x0 FreeRTOS/Sources/list.o
 .bss           0x00000000        0x0 FreeRTOS/Sources/list.o
 .text          0x00000000        0x0 FreeRTOS/Sources/port.o
 .data          0x00000000        0x0 FreeRTOS/Sources/port.o
 .bss           0x00000000        0x0 FreeRTOS/Sources/port.o
 .text.vPortEndScheduler
                0x00000000       0x10 FreeRTOS/Sources/port.o
 .text.vPortYieldFromTick
                0x00000000       0xb8 FreeRTOS/Sources/port.o
 .text          0x00000000        0x0 FreeRTOS/Sources/queue.o
 .data          0x00000000        0x0 FreeRTOS/Sources/queue.o
 .bss           0x00000000        0x0 FreeRTOS/Sources/queue.o
 .text.xQueueCreate
                0x00000000      0x16e FreeRTOS/Sources/queue.o
 .text.xQueueCreateCountingSemaphore
                0x00000000       0x40 FreeRTOS/Sources/queue.o
 .text.xQueueGenericSend
                0x00000000      0x146 FreeRTOS/Sources/queue.o
 .text.xQueueGenericSendFromISR
                0x00000000       0xaa FreeRTOS/Sources/queue.o
 .text.xQueueGenericReceive
                0x00000000      0x194 FreeRTOS/Sources/queue.o
 .text.xQueueReceiveFromISR
                0x00000000       0xb2 FreeRTOS/Sources/queue.o
 .text.uxQueueMessagesWaiting
                0x00000000       0x32 FreeRTOS/Sources/queue.o
 .text.uxQueueMessagesWaitingFromISR
                0x00000000       0x28 FreeRTOS/Sources/queue.o
 .text.vQueueDelete
                0x00000000       0x30 FreeRTOS/Sources/queue.o
 .text.prvCopyDataToQueue
                0x00000000      0x156 FreeRTOS/Sources/queue.o
 .text.prvCopyDataFromQueue
                0x00000000       0xa4 FreeRTOS/Sources/queue.o
 .text.prvUnlockQueue
                0x00000000       0xca FreeRTOS/Sources/queue.o
 .text.prvIsQueueEmpty
                0x00000000       0x3a FreeRTOS/Sources/queue.o
 .text.xQueueIsQueueEmptyFromISR
                0x00000000       0x30 FreeRTOS/Sources/queue.o
 .text.prvIsQueueFull
                0x00000000       0x42 FreeRTOS/Sources/queue.o
 .text.xQueueIsQueueFullFromISR
                0x00000000       0x38 FreeRTOS/Sources/queue.o
 .comment       0x00000000       0x31 FreeRTOS/Sources/queue.o
 .text          0x00000000        0x0 FreeRTOS/Sources/tasks.o
 .data          0x00000000        0x0 FreeRTOS/Sources/tasks.o
 .bss           0x00000000        0x0 FreeRTOS/Sources/tasks.o
 .text.vTaskDelete
                0x00000000       0xb4 FreeRTOS/Sources/tasks.o
 .text.vTaskDelayUntil
                0x00000000       0xf4 FreeRTOS/Sources/tasks.o
 .text.vTaskEndScheduler
                0x00000000       0x1a FreeRTOS/Sources/tasks.o
 .text.xTaskGetTickCount
                0x00000000       0x2e FreeRTOS/Sources/tasks.o
 .text.xTaskGetTickCountFromISR
                0x00000000       0x2a FreeRTOS/Sources/tasks.o
 .text.uxTaskGetNumberOfTasks
                0x00000000       0x12 FreeRTOS/Sources/tasks.o
 .text.vTaskPlaceOnEventList
                0x00000000       0x6c FreeRTOS/Sources/tasks.o
 .text.xTaskRemoveFromEventList
                0x00000000       0xd4 FreeRTOS/Sources/tasks.o
 .text.vTaskSetTimeOutState
                0x00000000       0x38 FreeRTOS/Sources/tasks.o
 .text.xTaskCheckForTimeOut
                0x00000000       0xc8 FreeRTOS/Sources/tasks.o
 .text.vTaskMissedYield
                0x00000000       0x16 FreeRTOS/Sources/tasks.o
 .text          0x00000000        0x0 FreeRTOS/Sources/timers.o
 .data          0x00000000        0x0 FreeRTOS/Sources/timers.o
 .bss           0x00000000        0x0 FreeRTOS/Sources/timers.o
 .comment       0x00000000       0x31 FreeRTOS/Sources/timers.o
 .text          0x00000000        0x0 HAL/DAC.o
 .data          0x00000000        0x0 HAL/DAC.o
 .bss           0x00000000        0x0 HAL/DAC.o
 .data.arrsin   0x00000000       0x15 HAL/DAC.o
 .text.setDAC   0x00000000       0x3e HAL/DAC.o
 .bss.i.1644    0x00000000        0x1 HAL/DAC.o
 .comment       0x00000000       0x31 HAL/DAC.o
 .text          0x00000000        0x0 HAL/Keypad.o
 .data          0x00000000        0x0 HAL/Keypad.o
 .bss           0x00000000        0x0 HAL/Keypad.o
 .rodata.keys_array
                0x00000000       0x10 HAL/Keypad.o
 .text.keypad_get_read
                0x00000000       0x8a HAL/Keypad.o
 .text          0x00000000        0x0 HAL/LCD.o
 .data          0x00000000        0x0 HAL/LCD.o
 .bss           0x00000000        0x0 HAL/LCD.o
 .text.LCD_WriteString
                0x00000000       0x54 HAL/LCD.o
 .text.LCD_Clear
                0x00000000      0x112 HAL/LCD.o
 .text.LCDW     0x00000000       0x4a HAL/LCD.o
 .text.LCD_WriteHex
                0x00000000      0x12a HAL/LCD.o
 .text.LCD_CreateChar
                0x00000000       0x62 HAL/LCD.o
 .text.LCD_WriteNumber_4D
                0x00000000      0x162 HAL/LCD.o
 .text          0x00000000        0x0 HAL/LEDMRX.o
 .data          0x00000000        0x0 HAL/LEDMRX.o
 .bss           0x00000000        0x0 HAL/LEDMRX.o
 .data.LED_COLS
                0x00000000        0x8 HAL/LEDMRX.o
 .data.LED_ROWS
                0x00000000        0x8 HAL/LEDMRX.o
 .text.LEDMRX_init
                0x00000000       0x38 HAL/LEDMRX.o
 .text.LEDMRXDisplay
                0x00000000      0x25e HAL/LEDMRX.o
 .comment       0x00000000       0x31 HAL/LEDMRX.o
 .text          0x00000000        0x0 HAL/Motor.o
 .data          0x00000000        0x0 HAL/Motor.o
 .bss           0x00000000        0x0 HAL/Motor.o
 .text.Motor_stop
                0x00000000       0x46 HAL/Motor.o
 .text.Motor_cw
                0x00000000       0x46 HAL/Motor.o
 .text.Motor_ccw
                0x00000000       0x46 HAL/Motor.o
 .comment       0x00000000       0x31 HAL/Motor.o
 .text          0x00000000        0x0 HAL/Motor_cfg.o
 .data          0x00000000        0x0 HAL/Motor_cfg.o
 .bss           0x00000000        0x0 HAL/Motor_cfg.o
 .rodata.Motor_pins_array
                0x00000000        0x8 HAL/Motor_cfg.o
 .comment       0x00000000       0x31 HAL/Motor_cfg.o
 .text          0x00000000        0x0 HAL/RGB.o
 .data          0x00000000        0x0 HAL/RGB.o
 .bss           0x00000000        0x0 HAL/RGB.o
 .data.arr      0x00000000       0x2d HAL/RGB.o
 .bss.Rnew      0x00000000        0x2 HAL/RGB.o
 .bss.Gnew      0x00000000        0x2 HAL/RGB.o
 .bss.Bnew      0x00000000        0x2 HAL/RGB.o
 .text.fRGB     0x00000000      0x166 HAL/RGB.o
 .text.RGB_init
                0x00000000       0x32 HAL/RGB.o
 .text.RGB_color
                0x00000000       0x72 HAL/RGB.o
 .text.RGB_init_gradually
                0x00000000       0x3e HAL/RGB.o
 .text.RGB_color_gradually
                0x00000000       0x82 HAL/RGB.o
 .bss.c.1742    0x00000000        0x2 HAL/RGB.o
 .bss.Rold.1739
                0x00000000        0x1 HAL/RGB.o
 .bss.Gold.1740
                0x00000000        0x1 HAL/RGB.o
 .bss.Bold.1741
                0x00000000        0x1 HAL/RGB.o
 .comment       0x00000000       0x31 HAL/RGB.o
 .text          0x00000000        0x0 HAL/Sensors.o
 .data          0x00000000        0x0 HAL/Sensors.o
 .bss           0x00000000        0x0 HAL/Sensors.o
 .text.pressure_read
                0x00000000       0x5e HAL/Sensors.o
 .bss.in        0x00000000        0x2 HAL/Sensors.o
 .bss.out       0x00000000        0x2 HAL/Sensors.o
 .bss.mean      0x00000000        0x2 HAL/Sensors.o
 .text.C_queue  0x00000000       0x5a HAL/Sensors.o
 .text.C_dequeue
                0x00000000       0x36 HAL/Sensors.o
 .text.tempf_init
                0x00000000       0x4a HAL/Sensors.o
 .text.tempf_runnable
                0x00000000       0x8a HAL/Sensors.o
 .text.tempf_getRead
                0x00000000       0x16 HAL/Sensors.o
 .data.getflag1
                0x00000000        0x1 HAL/Sensors.o
 .data.getflag2
                0x00000000        0x1 HAL/Sensors.o
 .data.getflag3
                0x00000000        0x1 HAL/Sensors.o
 .data.getflag4
                0x00000000        0x1 HAL/Sensors.o
 .bss.flag1     0x00000000        0x1 HAL/Sensors.o
 .bss.flag2     0x00000000        0x1 HAL/Sensors.o
 .bss.flag3     0x00000000        0x1 HAL/Sensors.o
 .bss.flag4     0x00000000        0x1 HAL/Sensors.o
 .bss.c         0x00000000        0x1 HAL/Sensors.o
 .text.FTIMER   0x00000000       0x1a HAL/Sensors.o
 .text.FICU     0x00000000       0x60 HAL/Sensors.o
 .text.Ultrasonics_init
                0x00000000       0x1c HAL/Sensors.o
 .text.Ultrasonics_start
                0x00000000      0x270 HAL/Sensors.o
 COMMON         0x00000000       0x24 HAL/Sensors.o
 .text          0x00000000        0x0 HAL/Servo.o
 .data          0x00000000        0x0 HAL/Servo.o
 .bss           0x00000000        0x0 HAL/Servo.o
 .text.fzy      0x00000000       0x6a HAL/Servo.o
 .text.servo_init
                0x00000000       0x26 HAL/Servo.o
 .text.ser      0x00000000       0x58 HAL/Servo.o
 .text.servo_initNormal
                0x00000000       0x18 HAL/Servo.o
 .text.servo_toNormal
                0x00000000       0x5a HAL/Servo.o
 .data.flag.1797
                0x00000000        0x1 HAL/Servo.o
 .comment       0x00000000       0x31 HAL/Servo.o
 COMMON         0x00000000        0x2 HAL/Servo.o
 .text          0x00000000        0x0 HAL/sevenSeg.o
 .data          0x00000000        0x0 HAL/sevenSeg.o
 .bss           0x00000000        0x0 HAL/sevenSeg.o
 .text.segment_dis
                0x00000000      0x160 HAL/sevenSeg.o
 .comment       0x00000000       0x31 HAL/sevenSeg.o
 .text          0x00000000        0x0 HAL/Stepper.o
 .data          0x00000000        0x0 HAL/Stepper.o
 .bss           0x00000000        0x0 HAL/Stepper.o
 .text.stepper_uni_ccw
                0x00000000      0x438 HAL/Stepper.o
 .text.stepper_uni_cw
                0x00000000      0x438 HAL/Stepper.o
 .text.stepper_by_rotate
                0x00000000       0x54 HAL/Stepper.o
 .text.stepper_by_angle
                0x00000000       0x78 HAL/Stepper.o
 .comment       0x00000000       0x31 HAL/Stepper.o
 .text          0x00000000        0x0 main.o
 .data          0x00000000        0x0 main.o
 .bss           0x00000000        0x0 main.o
 .text          0x00000000        0x0 MCAL/ADC.o
 .data          0x00000000        0x0 MCAL/ADC.o
 .bss           0x00000000        0x0 MCAL/ADC.o
 .text.ADC_adcToPercent
                0x00000000       0x4e MCAL/ADC.o
 .text          0x00000000        0x0 MCAL/DIO.o
 .data          0x00000000        0x0 MCAL/DIO.o
 .bss           0x00000000        0x0 MCAL/DIO.o
 .text.DIO_READ
                0x00000000      0x118 MCAL/DIO.o
 .text.DIO_toggle_pin
                0x00000000       0xfa MCAL/DIO.o
 .text.DIO_write_port
                0x00000000       0x6e MCAL/DIO.o
 .text.DIO_read_port
                0x00000000       0x6e MCAL/DIO.o
 .text          0x00000000        0x0 MCAL/DIO_cfg.o
 .data          0x00000000        0x0 MCAL/DIO_cfg.o
 .bss           0x00000000        0x0 MCAL/DIO_cfg.o
 .text          0x00000000        0x0 MCAL/e2prom.o
 .data          0x00000000        0x0 MCAL/e2prom.o
 .bss           0x00000000        0x0 MCAL/e2prom.o
 .text.e2prom_write
                0x00000000       0x74 MCAL/e2prom.o
 .text.e2prom_read
                0x00000000       0x58 MCAL/e2prom.o
 .comment       0x00000000       0x31 MCAL/e2prom.o
 .text          0x00000000        0x0 MCAL/Exi.o
 .data          0x00000000        0x0 MCAL/Exi.o
 .bss           0x00000000        0x0 MCAL/Exi.o
 .text.GI_init  0x00000000       0x12 MCAL/Exi.o
 .text.EXI_trigger_edge
                0x00000000       0xbe MCAL/Exi.o
 .text.EXI_enable
                0x00000000       0x6a MCAL/Exi.o
 .text.EXI_disable
                0x00000000       0x6a MCAL/Exi.o
 .text.EXI_init
                0x00000000       0x28 MCAL/Exi.o
 .text.EXI_set_call_back
                0x00000000       0x62 MCAL/Exi.o
 .text          0x00000000        0x0 MCAL/SPI.o
 .data          0x00000000        0x0 MCAL/SPI.o
 .bss           0x00000000        0x0 MCAL/SPI.o
 .text.SPI_SendReceive
                0x00000000       0x42 MCAL/SPI.o
 .text.SPI_ReceivePeriodic
                0x00000000       0x48 MCAL/SPI.o
 .text.SPI_ReceiveBusyWait
                0x00000000       0x32 MCAL/SPI.o
 .text          0x00000000        0x0 MCAL/Timer.o
 .data          0x00000000        0x0 MCAL/Timer.o
 .bss           0x00000000        0x0 MCAL/Timer.o
 .text.Timer0_init
                0x00000000       0xfc MCAL/Timer.o
 .text.OC0_init
                0x00000000       0xd2 MCAL/Timer.o
 .text.Timer0_Interrupt_enable
                0x00000000       0x22 MCAL/Timer.o
 .text.Timer0_Interrupt_disable
                0x00000000       0x22 MCAL/Timer.o
 .text.Timer0_Interrupt_set_call_back
                0x00000000       0x26 MCAL/Timer.o
 .text.OC0_Interrupt_enable
                0x00000000       0x22 MCAL/Timer.o
 .text.OC0_Interrupt_disable
                0x00000000       0x22 MCAL/Timer.o
 .text.OC0_Interrupt_set_call_back
                0x00000000       0x26 MCAL/Timer.o
 .text.get_timer0
                0x00000000       0x16 MCAL/Timer.o
 .text.set_timer
                0x00000000       0x20 MCAL/Timer.o
 .text.get_OC0  0x00000000       0x16 MCAL/Timer.o
 .text.set_OC0  0x00000000       0x20 MCAL/Timer.o
 .text.Timer1_init
                0x00000000      0x306 MCAL/Timer.o
 .progmem.gcc_sw_table.Timer1_init
                0x00000000       0x12 MCAL/Timer.o
 .text.OC1A_init
                0x00000000       0xd2 MCAL/Timer.o
 .text.OC1B_init
                0x00000000       0xd2 MCAL/Timer.o
 .text.Timer1_Interrupt_enable
                0x00000000       0x22 MCAL/Timer.o
 .text.Timer1_Interrupt_disable
                0x00000000       0x22 MCAL/Timer.o
 .bss.OC1A_FPTR
                0x00000000        0x2 MCAL/Timer.o
 .bss.oc1a_FPTR
                0x00000000        0x2 MCAL/Timer.o
 .text.Timer1_Interrupt_set_call_back
                0x00000000       0x26 MCAL/Timer.o
 .text.OC1A_Interrupt_enable
                0x00000000       0x22 MCAL/Timer.o
 .text.OC1A_Interrupt_disable
                0x00000000       0x22 MCAL/Timer.o
 .text.OC1A_Interrupt_set_call_back
                0x00000000       0x26 MCAL/Timer.o
 .text.OC1A_vect
                0x00000000       0x6e MCAL/Timer.o
 .text.OC1B_Interrupt_enable
                0x00000000       0x22 MCAL/Timer.o
 .text.OC1B_Interrupt_disable
                0x00000000       0x22 MCAL/Timer.o
 .text.OC1B_Interrupt_set_call_back
                0x00000000       0x26 MCAL/Timer.o
 .text.get_timer1
                0x00000000       0x18 MCAL/Timer.o
 .text.set_timer1
                0x00000000       0x28 MCAL/Timer.o
 .text.get_OC1A
                0x00000000       0x18 MCAL/Timer.o
 .text.set_OC1A
                0x00000000       0x28 MCAL/Timer.o
 .text.get_OC1B
                0x00000000       0x18 MCAL/Timer.o
 .text.set_OC1B
                0x00000000       0x28 MCAL/Timer.o
 .text.ICU_Interrupt_enable
                0x00000000       0x22 MCAL/Timer.o
 .text.ICU_mode
                0x00000000       0x48 MCAL/Timer.o
 .text.ICU_Interrupt_set_call_back
                0x00000000       0x26 MCAL/Timer.o
 .text.Timer1_SetInterruptus
                0x00000000       0x4a MCAL/Timer.o
 .bss.millis    0x00000000        0x2 MCAL/Timer.o
 .bss.secs      0x00000000        0x2 MCAL/Timer.o
 .text.oc1f     0x00000000       0x84 MCAL/Timer.o
 .text.Timer1_SetInterruptsecSingle
                0x00000000       0x76 MCAL/Timer.o
 .text.Timer1_initWithoutStart
                0x00000000      0x2dc MCAL/Timer.o
 .progmem.gcc_sw_table.Timer1_initWithoutStart
                0x00000000       0x12 MCAL/Timer.o
 .text.Timer1_ChoosePre
                0x00000000       0x3c MCAL/Timer.o
 .text.Timer1_StartWithPre8
                0x00000000       0x16 MCAL/Timer.o
 .text.Timer1_Stop
                0x00000000       0x16 MCAL/Timer.o
 COMMON         0x00000000        0x2 MCAL/Timer.o
 .text          0x00000000        0x0 MCAL/UART.o
 .data          0x00000000        0x0 MCAL/UART.o
 .bss           0x00000000        0x0 MCAL/UART.o
 .text.UART_Init
                0x00000000       0x54 MCAL/UART.o
 .text.UART_Send
                0x00000000       0x3c MCAL/UART.o
 .text.UART_Receive
                0x00000000       0x32 MCAL/UART.o
 .text.UART_ReceivePerodic
                0x00000000       0x48 MCAL/UART.o
 .text.UART_SendNoBlock
                0x00000000       0x20 MCAL/UART.o
 .text.UART_ReceiveNoBlock
                0x00000000       0x16 MCAL/UART.o
 .text.UART_RX_InterruptEnable
                0x00000000       0x22 MCAL/UART.o
 .text.UART_RX_InterruptDisable
                0x00000000       0x22 MCAL/UART.o
 .text.UART_TX_InterruptEnable
                0x00000000       0x22 MCAL/UART.o
 .text.UART_TX_InterruptDisable
                0x00000000       0x22 MCAL/UART.o
 .text.UART_RX_SetCallBack
                0x00000000       0x26 MCAL/UART.o
 .text.UART_TX_SetCallBack
                0x00000000       0x26 MCAL/UART.o
 .text.UART_Receive_String
                0x00000000       0x88 MCAL/UART.o
 .text          0x00000000        0x0 MCAL/UARTstackApp.o
 .data          0x00000000        0x0 MCAL/UARTstackApp.o
 .bss           0x00000000        0x0 MCAL/UARTstackApp.o
 .bss.sp        0x00000000        0x1 MCAL/UARTstackApp.o
 .text.stack_push
                0x00000000       0x3e MCAL/UARTstackApp.o
 .text.stack_pop
                0x00000000       0x48 MCAL/UARTstackApp.o
 .comment       0x00000000       0x31 MCAL/UARTstackApp.o
 COMMON         0x00000000        0x5 MCAL/UARTstackApp.o
 .text          0x00000000        0x0 MCAL/UART_Services.o
 .data          0x00000000        0x0 MCAL/UART_Services.o
 .bss           0x00000000        0x0 MCAL/UART_Services.o
 .text.UART_SendString
                0x00000000       0x54 MCAL/UART_Services.o
 .text.UART_ReceiveString
                0x00000000       0x88 MCAL/UART_Services.o
 .text.UART_SendNumber
                0x00000000       0xae MCAL/UART_Services.o
 .text.UART_ReceiveNumber
                0x00000000       0xfe MCAL/UART_Services.o
 .text.endian_check
                0x00000000       0x4a MCAL/UART_Services.o
 .text.endian_convert
                0x00000000       0x8a MCAL/UART_Services.o
 .text.endian_convert_16
                0x00000000       0x22 MCAL/UART_Services.o
 .text.diagCallOut
                0x00000000       0x1a MCAL/UART_Services.o
 .text.UART_SendStringCheckSum
                0x00000000       0xba MCAL/UART_Services.o
 .text.UART_ReceiveStringCheckSum
                0x00000000       0xc4 MCAL/UART_Services.o
 .text.func_tx  0x00000000       0x5a MCAL/UART_Services.o
 .text.UART_SendStringAshync
                0x00000000       0x3e MCAL/UART_Services.o
 .data.i.1681   0x00000000        0x1 MCAL/UART_Services.o
 .comment       0x00000000       0x31 MCAL/UART_Services.o
 COMMON         0x00000000        0x2 MCAL/UART_Services.o
 .text          0x00000000        0x0 Parser.o
 .data          0x00000000        0x0 Parser.o
 .bss           0x00000000        0x0 Parser.o
 .bss.Address   0x00000000        0x4 Parser.o
 .bss.Data      0x00000000        0x2 Parser.o
 .text.AsciToHex
                0x00000000       0x32 Parser.o
 .text.ParseData
                0x00000000      0x26a Parser.o
 .text.ParseUpperAddress
                0x00000000       0x1a Parser.o
 .text.Parser_voidParseRecord
                0x00000000       0x5e Parser.o
 .bss.c.1686    0x00000000        0x1 Parser.o
 .bss.page.1687
                0x00000000        0x1 Parser.o
 .bss.j.1688    0x00000000        0x1 Parser.o
 .comment       0x00000000       0x31 Parser.o
 .text          0x00000000        0x0 Utils.o
 .data          0x00000000        0x0 Utils.o
 .bss           0x00000000        0x0 Utils.o
 .text.set_bit  0x00000000       0x4a Utils.o
 .text.String_length
                0x00000000       0x3e Utils.o
 .text.stringToInt
                0x00000000       0x68 Utils.o
 .text.stringCompare
                0x00000000       0x8a Utils.o
 .text.arrayOfPointersSearch
                0x00000000       0x68 Utils.o
 .comment       0x00000000       0x31 Utils.o
 .text          0x00000000        0x0 d:/atmel studio/7.0/toolchain/avr8/avr8-gnu-toolchain/bin/../lib/gcc/avr/5.4.0/../../../../avr/lib/avr5\libm.a(addsf3.o)
 .data          0x00000000        0x0 d:/atmel studio/7.0/toolchain/avr8/avr8-gnu-toolchain/bin/../lib/gcc/avr/5.4.0/../../../../avr/lib/avr5\libm.a(addsf3.o)
 .bss           0x00000000        0x0 d:/atmel studio/7.0/toolchain/avr8/avr8-gnu-toolchain/bin/../lib/gcc/avr/5.4.0/../../../../avr/lib/avr5\libm.a(addsf3.o)
 .text.avr-libc.fplib
                0x00000000        0xe d:/atmel studio/7.0/toolchain/avr8/avr8-gnu-toolchain/bin/../lib/gcc/avr/5.4.0/../../../../avr/lib/avr5\libm.a(addsf3.o)
 .text          0x00000000        0x0 d:/atmel studio/7.0/toolchain/avr8/avr8-gnu-toolchain/bin/../lib/gcc/avr/5.4.0/../../../../avr/lib/avr5\libm.a(addsf3x.o)
 .data          0x00000000        0x0 d:/atmel studio/7.0/toolchain/avr8/avr8-gnu-toolchain/bin/../lib/gcc/avr/5.4.0/../../../../avr/lib/avr5\libm.a(addsf3x.o)
 .bss           0x00000000        0x0 d:/atmel studio/7.0/toolchain/avr8/avr8-gnu-toolchain/bin/../lib/gcc/avr/5.4.0/../../../../avr/lib/avr5\libm.a(addsf3x.o)
 .text.avr-libc.fplib
                0x00000000       0xcc d:/atmel studio/7.0/toolchain/avr8/avr8-gnu-toolchain/bin/../lib/gcc/avr/5.4.0/../../../../avr/lib/avr5\libm.a(addsf3x.o)
 .text          0x00000000        0x0 d:/atmel studio/7.0/toolchain/avr8/avr8-gnu-toolchain/bin/../lib/gcc/avr/5.4.0/../../../../avr/lib/avr5\libm.a(cmpsf2.o)
 .data          0x00000000        0x0 d:/atmel studio/7.0/toolchain/avr8/avr8-gnu-toolchain/bin/../lib/gcc/avr/5.4.0/../../../../avr/lib/avr5\libm.a(cmpsf2.o)
 .bss           0x00000000        0x0 d:/atmel studio/7.0/toolchain/avr8/avr8-gnu-toolchain/bin/../lib/gcc/avr/5.4.0/../../../../avr/lib/avr5\libm.a(cmpsf2.o)
 .text          0x00000000        0x0 d:/atmel studio/7.0/toolchain/avr8/avr8-gnu-toolchain/bin/../lib/gcc/avr/5.4.0/../../../../avr/lib/avr5\libm.a(divsf3.o)
 .data          0x00000000        0x0 d:/atmel studio/7.0/toolchain/avr8/avr8-gnu-toolchain/bin/../lib/gcc/avr/5.4.0/../../../../avr/lib/avr5\libm.a(divsf3.o)
 .bss           0x00000000        0x0 d:/atmel studio/7.0/toolchain/avr8/avr8-gnu-toolchain/bin/../lib/gcc/avr/5.4.0/../../../../avr/lib/avr5\libm.a(divsf3.o)
 .text.avr-libc.fplib
                0x00000000        0x8 d:/atmel studio/7.0/toolchain/avr8/avr8-gnu-toolchain/bin/../lib/gcc/avr/5.4.0/../../../../avr/lib/avr5\libm.a(divsf3.o)
 .text          0x00000000        0x0 d:/atmel studio/7.0/toolchain/avr8/avr8-gnu-toolchain/bin/../lib/gcc/avr/5.4.0/../../../../avr/lib/avr5\libm.a(divsf3x.o)
 .data          0x00000000        0x0 d:/atmel studio/7.0/toolchain/avr8/avr8-gnu-toolchain/bin/../lib/gcc/avr/5.4.0/../../../../avr/lib/avr5\libm.a(divsf3x.o)
 .bss           0x00000000        0x0 d:/atmel studio/7.0/toolchain/avr8/avr8-gnu-toolchain/bin/../lib/gcc/avr/5.4.0/../../../../avr/lib/avr5\libm.a(divsf3x.o)
 .text.avr-libc.fplib
                0x00000000       0xdc d:/atmel studio/7.0/toolchain/avr8/avr8-gnu-toolchain/bin/../lib/gcc/avr/5.4.0/../../../../avr/lib/avr5\libm.a(divsf3x.o)
 .text          0x00000000        0x0 d:/atmel studio/7.0/toolchain/avr8/avr8-gnu-toolchain/bin/../lib/gcc/avr/5.4.0/../../../../avr/lib/avr5\libm.a(fixunssfsi.o)
 .data          0x00000000        0x0 d:/atmel studio/7.0/toolchain/avr8/avr8-gnu-toolchain/bin/../lib/gcc/avr/5.4.0/../../../../avr/lib/avr5\libm.a(fixunssfsi.o)
 .bss           0x00000000        0x0 d:/atmel studio/7.0/toolchain/avr8/avr8-gnu-toolchain/bin/../lib/gcc/avr/5.4.0/../../../../avr/lib/avr5\libm.a(fixunssfsi.o)
 .text          0x00000000        0x0 d:/atmel studio/7.0/toolchain/avr8/avr8-gnu-toolchain/bin/../lib/gcc/avr/5.4.0/../../../../avr/lib/avr5\libm.a(fp_cmp.o)
 .data          0x00000000        0x0 d:/atmel studio/7.0/toolchain/avr8/avr8-gnu-toolchain/bin/../lib/gcc/avr/5.4.0/../../../../avr/lib/avr5\libm.a(fp_cmp.o)
 .bss           0x00000000        0x0 d:/atmel studio/7.0/toolchain/avr8/avr8-gnu-toolchain/bin/../lib/gcc/avr/5.4.0/../../../../avr/lib/avr5\libm.a(fp_cmp.o)
 .text          0x00000000        0x0 d:/atmel studio/7.0/toolchain/avr8/avr8-gnu-toolchain/bin/../lib/gcc/avr/5.4.0/../../../../avr/lib/avr5\libm.a(fp_inf.o)
 .data          0x00000000        0x0 d:/atmel studio/7.0/toolchain/avr8/avr8-gnu-toolchain/bin/../lib/gcc/avr/5.4.0/../../../../avr/lib/avr5\libm.a(fp_inf.o)
 .bss           0x00000000        0x0 d:/atmel studio/7.0/toolchain/avr8/avr8-gnu-toolchain/bin/../lib/gcc/avr/5.4.0/../../../../avr/lib/avr5\libm.a(fp_inf.o)
 .text          0x00000000        0x0 d:/atmel studio/7.0/toolchain/avr8/avr8-gnu-toolchain/bin/../lib/gcc/avr/5.4.0/../../../../avr/lib/avr5\libm.a(fp_nan.o)
 .data          0x00000000        0x0 d:/atmel studio/7.0/toolchain/avr8/avr8-gnu-toolchain/bin/../lib/gcc/avr/5.4.0/../../../../avr/lib/avr5\libm.a(fp_nan.o)
 .bss           0x00000000        0x0 d:/atmel studio/7.0/toolchain/avr8/avr8-gnu-toolchain/bin/../lib/gcc/avr/5.4.0/../../../../avr/lib/avr5\libm.a(fp_nan.o)
 .text          0x00000000        0x0 d:/atmel studio/7.0/toolchain/avr8/avr8-gnu-toolchain/bin/../lib/gcc/avr/5.4.0/../../../../avr/lib/avr5\libm.a(fp_pscA.o)
 .data          0x00000000        0x0 d:/atmel studio/7.0/toolchain/avr8/avr8-gnu-toolchain/bin/../lib/gcc/avr/5.4.0/../../../../avr/lib/avr5\libm.a(fp_pscA.o)
 .bss           0x00000000        0x0 d:/atmel studio/7.0/toolchain/avr8/avr8-gnu-toolchain/bin/../lib/gcc/avr/5.4.0/../../../../avr/lib/avr5\libm.a(fp_pscA.o)
 .text          0x00000000        0x0 d:/atmel studio/7.0/toolchain/avr8/avr8-gnu-toolchain/bin/../lib/gcc/avr/5.4.0/../../../../avr/lib/avr5\libm.a(fp_pscB.o)
 .data          0x00000000        0x0 d:/atmel studio/7.0/toolchain/avr8/avr8-gnu-toolchain/bin/../lib/gcc/avr/5.4.0/../../../../avr/lib/avr5\libm.a(fp_pscB.o)
 .bss           0x00000000        0x0 d:/atmel studio/7.0/toolchain/avr8/avr8-gnu-toolchain/bin/../lib/gcc/avr/5.4.0/../../../../avr/lib/avr5\libm.a(fp_pscB.o)
 .text          0x00000000        0x0 d:/atmel studio/7.0/toolchain/avr8/avr8-gnu-toolchain/bin/../lib/gcc/avr/5.4.0/../../../../avr/lib/avr5\libm.a(fp_round.o)
 .data          0x00000000        0x0 d:/atmel studio/7.0/toolchain/avr8/avr8-gnu-toolchain/bin/../lib/gcc/avr/5.4.0/../../../../avr/lib/avr5\libm.a(fp_round.o)
 .bss           0x00000000        0x0 d:/atmel studio/7.0/toolchain/avr8/avr8-gnu-toolchain/bin/../lib/gcc/avr/5.4.0/../../../../avr/lib/avr5\libm.a(fp_round.o)
 .text          0x00000000        0x0 d:/atmel studio/7.0/toolchain/avr8/avr8-gnu-toolchain/bin/../lib/gcc/avr/5.4.0/../../../../avr/lib/avr5\libm.a(fp_split3.o)
 .data          0x00000000        0x0 d:/atmel studio/7.0/toolchain/avr8/avr8-gnu-toolchain/bin/../lib/gcc/avr/5.4.0/../../../../avr/lib/avr5\libm.a(fp_split3.o)
 .bss           0x00000000        0x0 d:/atmel studio/7.0/toolchain/avr8/avr8-gnu-toolchain/bin/../lib/gcc/avr/5.4.0/../../../../avr/lib/avr5\libm.a(fp_split3.o)
 .text          0x00000000        0x0 d:/atmel studio/7.0/toolchain/avr8/avr8-gnu-toolchain/bin/../lib/gcc/avr/5.4.0/../../../../avr/lib/avr5\libm.a(fp_zero.o)
 .data          0x00000000        0x0 d:/atmel studio/7.0/toolchain/avr8/avr8-gnu-toolchain/bin/../lib/gcc/avr/5.4.0/../../../../avr/lib/avr5\libm.a(fp_zero.o)
 .bss           0x00000000        0x0 d:/atmel studio/7.0/toolchain/avr8/avr8-gnu-toolchain/bin/../lib/gcc/avr/5.4.0/../../../../avr/lib/avr5\libm.a(fp_zero.o)
 .text          0x00000000        0x0 d:/atmel studio/7.0/toolchain/avr8/avr8-gnu-toolchain/bin/../lib/gcc/avr/5.4.0/../../../../avr/lib/avr5\libm.a(gesf2.o)
 .data          0x00000000        0x0 d:/atmel studio/7.0/toolchain/avr8/avr8-gnu-toolchain/bin/../lib/gcc/avr/5.4.0/../../../../avr/lib/avr5\libm.a(gesf2.o)
 .bss           0x00000000        0x0 d:/atmel studio/7.0/toolchain/avr8/avr8-gnu-toolchain/bin/../lib/gcc/avr/5.4.0/../../../../avr/lib/avr5\libm.a(gesf2.o)
 .text          0x00000000        0x0 d:/atmel studio/7.0/toolchain/avr8/avr8-gnu-toolchain/bin/../lib/gcc/avr/5.4.0/../../../../avr/lib/avr5\libm.a(mulsf3.o)
 .data          0x00000000        0x0 d:/atmel studio/7.0/toolchain/avr8/avr8-gnu-toolchain/bin/../lib/gcc/avr/5.4.0/../../../../avr/lib/avr5\libm.a(mulsf3.o)
 .bss           0x00000000        0x0 d:/atmel studio/7.0/toolchain/avr8/avr8-gnu-toolchain/bin/../lib/gcc/avr/5.4.0/../../../../avr/lib/avr5\libm.a(mulsf3.o)
 .text          0x00000000        0x0 d:/atmel studio/7.0/toolchain/avr8/avr8-gnu-toolchain/bin/../lib/gcc/avr/5.4.0/../../../../avr/lib/avr5\libm.a(mulsf3x.o)
 .data          0x00000000        0x0 d:/atmel studio/7.0/toolchain/avr8/avr8-gnu-toolchain/bin/../lib/gcc/avr/5.4.0/../../../../avr/lib/avr5\libm.a(mulsf3x.o)
 .bss           0x00000000        0x0 d:/atmel studio/7.0/toolchain/avr8/avr8-gnu-toolchain/bin/../lib/gcc/avr/5.4.0/../../../../avr/lib/avr5\libm.a(mulsf3x.o)
 .text          0x00000000        0x0 d:/atmel studio/7.0/toolchain/avr8/avr8-gnu-toolchain/bin/../lib/gcc/avr/5.4.0/avr5\libgcc.a(_udivmodsi4.o)
 .data          0x00000000        0x0 d:/atmel studio/7.0/toolchain/avr8/avr8-gnu-toolchain/bin/../lib/gcc/avr/5.4.0/avr5\libgcc.a(_udivmodsi4.o)
 .bss           0x00000000        0x0 d:/atmel studio/7.0/toolchain/avr8/avr8-gnu-toolchain/bin/../lib/gcc/avr/5.4.0/avr5\libgcc.a(_udivmodsi4.o)
 .text.libgcc.mul
                0x00000000        0x0 d:/atmel studio/7.0/toolchain/avr8/avr8-gnu-toolchain/bin/../lib/gcc/avr/5.4.0/avr5\libgcc.a(_udivmodsi4.o)
 .text.libgcc   0x00000000        0x0 d:/atmel studio/7.0/toolchain/avr8/avr8-gnu-toolchain/bin/../lib/gcc/avr/5.4.0/avr5\libgcc.a(_udivmodsi4.o)
 .text.libgcc.prologue
                0x00000000        0x0 d:/atmel studio/7.0/toolchain/avr8/avr8-gnu-toolchain/bin/../lib/gcc/avr/5.4.0/avr5\libgcc.a(_udivmodsi4.o)
 .text.libgcc.builtins
                0x00000000        0x0 d:/atmel studio/7.0/toolchain/avr8/avr8-gnu-toolchain/bin/../lib/gcc/avr/5.4.0/avr5\libgcc.a(_udivmodsi4.o)
 .text.libgcc.fmul
                0x00000000        0x0 d:/atmel studio/7.0/toolchain/avr8/avr8-gnu-toolchain/bin/../lib/gcc/avr/5.4.0/avr5\libgcc.a(_udivmodsi4.o)
 .text.libgcc.fixed
                0x00000000        0x0 d:/atmel studio/7.0/toolchain/avr8/avr8-gnu-toolchain/bin/../lib/gcc/avr/5.4.0/avr5\libgcc.a(_udivmodsi4.o)
 .text          0x00000000        0x0 d:/atmel studio/7.0/toolchain/avr8/avr8-gnu-toolchain/bin/../lib/gcc/avr/5.4.0/avr5\libgcc.a(_divmodsi4.o)
 .data          0x00000000        0x0 d:/atmel studio/7.0/toolchain/avr8/avr8-gnu-toolchain/bin/../lib/gcc/avr/5.4.0/avr5\libgcc.a(_divmodsi4.o)
 .bss           0x00000000        0x0 d:/atmel studio/7.0/toolchain/avr8/avr8-gnu-toolchain/bin/../lib/gcc/avr/5.4.0/avr5\libgcc.a(_divmodsi4.o)
 .text.libgcc.mul
                0x00000000        0x0 d:/atmel studio/7.0/toolchain/avr8/avr8-gnu-toolchain/bin/../lib/gcc/avr/5.4.0/avr5\libgcc.a(_divmodsi4.o)
 .text.libgcc   0x00000000        0x0 d:/atmel studio/7.0/toolchain/avr8/avr8-gnu-toolchain/bin/../lib/gcc/avr/5.4.0/avr5\libgcc.a(_divmodsi4.o)
 .text.libgcc.prologue
                0x00000000        0x0 d:/atmel studio/7.0/toolchain/avr8/avr8-gnu-toolchain/bin/../lib/gcc/avr/5.4.0/avr5\libgcc.a(_divmodsi4.o)
 .text.libgcc.builtins
                0x00000000        0x0 d:/atmel studio/7.0/toolchain/avr8/avr8-gnu-toolchain/bin/../lib/gcc/avr/5.4.0/avr5\libgcc.a(_divmodsi4.o)
 .text.libgcc.fmul
                0x00000000        0x0 d:/atmel studio/7.0/toolchain/avr8/avr8-gnu-toolchain/bin/../lib/gcc/avr/5.4.0/avr5\libgcc.a(_divmodsi4.o)
 .text.libgcc.fixed
                0x00000000        0x0 d:/atmel studio/7.0/toolchain/avr8/avr8-gnu-toolchain/bin/../lib/gcc/avr/5.4.0/avr5\libgcc.a(_divmodsi4.o)
 .text          0x00000000        0x0 d:/atmel studio/7.0/toolchain/avr8/avr8-gnu-toolchain/bin/../lib/gcc/avr/5.4.0/avr5\libgcc.a(_negsi2.o)
 .data          0x00000000        0x0 d:/atmel studio/7.0/toolchain/avr8/avr8-gnu-toolchain/bin/../lib/gcc/avr/5.4.0/avr5\libgcc.a(_negsi2.o)
 .bss           0x00000000        0x0 d:/atmel studio/7.0/toolchain/avr8/avr8-gnu-toolchain/bin/../lib/gcc/avr/5.4.0/avr5\libgcc.a(_negsi2.o)
 .text.libgcc.mul
                0x00000000        0x0 d:/atmel studio/7.0/toolchain/avr8/avr8-gnu-toolchain/bin/../lib/gcc/avr/5.4.0/avr5\libgcc.a(_negsi2.o)
 .text.libgcc   0x00000000        0x0 d:/atmel studio/7.0/toolchain/avr8/avr8-gnu-toolchain/bin/../lib/gcc/avr/5.4.0/avr5\libgcc.a(_negsi2.o)
 .text.libgcc.prologue
                0x00000000        0x0 d:/atmel studio/7.0/toolchain/avr8/avr8-gnu-toolchain/bin/../lib/gcc/avr/5.4.0/avr5\libgcc.a(_negsi2.o)
 .text.libgcc.builtins
                0x00000000        0x0 d:/atmel studio/7.0/toolchain/avr8/avr8-gnu-toolchain/bin/../lib/gcc/avr/5.4.0/avr5\libgcc.a(_negsi2.o)
 .text.libgcc.fmul
                0x00000000        0x0 d:/atmel studio/7.0/toolchain/avr8/avr8-gnu-toolchain/bin/../lib/gcc/avr/5.4.0/avr5\libgcc.a(_negsi2.o)
 .text.libgcc.fixed
                0x00000000        0x0 d:/atmel studio/7.0/toolchain/avr8/avr8-gnu-toolchain/bin/../lib/gcc/avr/5.4.0/avr5\libgcc.a(_negsi2.o)
 .text          0x00000000        0x0 d:/atmel studio/7.0/toolchain/avr8/avr8-gnu-toolchain/bin/../lib/gcc/avr/5.4.0/avr5\libgcc.a(_exit.o)
 .data          0x00000000        0x0 d:/atmel studio/7.0/toolchain/avr8/avr8-gnu-toolchain/bin/../lib/gcc/avr/5.4.0/avr5\libgcc.a(_exit.o)
 .bss           0x00000000        0x0 d:/atmel studio/7.0/toolchain/avr8/avr8-gnu-toolchain/bin/../lib/gcc/avr/5.4.0/avr5\libgcc.a(_exit.o)
 .text.libgcc.mul
                0x00000000        0x0 d:/atmel studio/7.0/toolchain/avr8/avr8-gnu-toolchain/bin/../lib/gcc/avr/5.4.0/avr5\libgcc.a(_exit.o)
 .text.libgcc.div
                0x00000000        0x0 d:/atmel studio/7.0/toolchain/avr8/avr8-gnu-toolchain/bin/../lib/gcc/avr/5.4.0/avr5\libgcc.a(_exit.o)
 .text.libgcc   0x00000000        0x0 d:/atmel studio/7.0/toolchain/avr8/avr8-gnu-toolchain/bin/../lib/gcc/avr/5.4.0/avr5\libgcc.a(_exit.o)
 .text.libgcc.prologue
                0x00000000        0x0 d:/atmel studio/7.0/toolchain/avr8/avr8-gnu-toolchain/bin/../lib/gcc/avr/5.4.0/avr5\libgcc.a(_exit.o)
 .text.libgcc.builtins
                0x00000000        0x0 d:/atmel studio/7.0/toolchain/avr8/avr8-gnu-toolchain/bin/../lib/gcc/avr/5.4.0/avr5\libgcc.a(_exit.o)
 .text.libgcc.fmul
                0x00000000        0x0 d:/atmel studio/7.0/toolchain/avr8/avr8-gnu-toolchain/bin/../lib/gcc/avr/5.4.0/avr5\libgcc.a(_exit.o)
 .text.libgcc.fixed
                0x00000000        0x0 d:/atmel studio/7.0/toolchain/avr8/avr8-gnu-toolchain/bin/../lib/gcc/avr/5.4.0/avr5\libgcc.a(_exit.o)
 .text          0x00000000        0x0 d:/atmel studio/7.0/toolchain/avr8/avr8-gnu-toolchain/bin/../lib/gcc/avr/5.4.0/avr5\libgcc.a(_tablejump2.o)
 .data          0x00000000        0x0 d:/atmel studio/7.0/toolchain/avr8/avr8-gnu-toolchain/bin/../lib/gcc/avr/5.4.0/avr5\libgcc.a(_tablejump2.o)
 .bss           0x00000000        0x0 d:/atmel studio/7.0/toolchain/avr8/avr8-gnu-toolchain/bin/../lib/gcc/avr/5.4.0/avr5\libgcc.a(_tablejump2.o)
 .text.libgcc.mul
                0x00000000        0x0 d:/atmel studio/7.0/toolchain/avr8/avr8-gnu-toolchain/bin/../lib/gcc/avr/5.4.0/avr5\libgcc.a(_tablejump2.o)
 .text.libgcc.div
                0x00000000        0x0 d:/atmel studio/7.0/toolchain/avr8/avr8-gnu-toolchain/bin/../lib/gcc/avr/5.4.0/avr5\libgcc.a(_tablejump2.o)
 .text.libgcc   0x00000000        0xc d:/atmel studio/7.0/toolchain/avr8/avr8-gnu-toolchain/bin/../lib/gcc/avr/5.4.0/avr5\libgcc.a(_tablejump2.o)
 .text.libgcc.prologue
                0x00000000        0x0 d:/atmel studio/7.0/toolchain/avr8/avr8-gnu-toolchain/bin/../lib/gcc/avr/5.4.0/avr5\libgcc.a(_tablejump2.o)
 .text.libgcc.builtins
                0x00000000        0x0 d:/atmel studio/7.0/toolchain/avr8/avr8-gnu-toolchain/bin/../lib/gcc/avr/5.4.0/avr5\libgcc.a(_tablejump2.o)
 .text.libgcc.fmul
                0x00000000        0x0 d:/atmel studio/7.0/toolchain/avr8/avr8-gnu-toolchain/bin/../lib/gcc/avr/5.4.0/avr5\libgcc.a(_tablejump2.o)
 .text.libgcc.fixed
                0x00000000        0x0 d:/atmel studio/7.0/toolchain/avr8/avr8-gnu-toolchain/bin/../lib/gcc/avr/5.4.0/avr5\libgcc.a(_tablejump2.o)
 .text          0x00000000        0x0 d:/atmel studio/7.0/toolchain/avr8/avr8-gnu-toolchain/bin/../lib/gcc/avr/5.4.0/avr5\libgcc.a(_copy_data.o)
 .data          0x00000000        0x0 d:/atmel studio/7.0/toolchain/avr8/avr8-gnu-toolchain/bin/../lib/gcc/avr/5.4.0/avr5\libgcc.a(_copy_data.o)
 .bss           0x00000000        0x0 d:/atmel studio/7.0/toolchain/avr8/avr8-gnu-toolchain/bin/../lib/gcc/avr/5.4.0/avr5\libgcc.a(_copy_data.o)
 .text.libgcc.mul
                0x00000000        0x0 d:/atmel studio/7.0/toolchain/avr8/avr8-gnu-toolchain/bin/../lib/gcc/avr/5.4.0/avr5\libgcc.a(_copy_data.o)
 .text.libgcc.div
                0x00000000        0x0 d:/atmel studio/7.0/toolchain/avr8/avr8-gnu-toolchain/bin/../lib/gcc/avr/5.4.0/avr5\libgcc.a(_copy_data.o)
 .text.libgcc   0x00000000        0x0 d:/atmel studio/7.0/toolchain/avr8/avr8-gnu-toolchain/bin/../lib/gcc/avr/5.4.0/avr5\libgcc.a(_copy_data.o)
 .text.libgcc.prologue
                0x00000000        0x0 d:/atmel studio/7.0/toolchain/avr8/avr8-gnu-toolchain/bin/../lib/gcc/avr/5.4.0/avr5\libgcc.a(_copy_data.o)
 .text.libgcc.builtins
                0x00000000        0x0 d:/atmel studio/7.0/toolchain/avr8/avr8-gnu-toolchain/bin/../lib/gcc/avr/5.4.0/avr5\libgcc.a(_copy_data.o)
 .text.libgcc.fmul
                0x00000000        0x0 d:/atmel studio/7.0/toolchain/avr8/avr8-gnu-toolchain/bin/../lib/gcc/avr/5.4.0/avr5\libgcc.a(_copy_data.o)
 .text.libgcc.fixed
                0x00000000        0x0 d:/atmel studio/7.0/toolchain/avr8/avr8-gnu-toolchain/bin/../lib/gcc/avr/5.4.0/avr5\libgcc.a(_copy_data.o)
 .text          0x00000000        0x0 d:/atmel studio/7.0/toolchain/avr8/avr8-gnu-toolchain/bin/../lib/gcc/avr/5.4.0/avr5\libgcc.a(_clear_bss.o)
 .data          0x00000000        0x0 d:/atmel studio/7.0/toolchain/avr8/avr8-gnu-toolchain/bin/../lib/gcc/avr/5.4.0/avr5\libgcc.a(_clear_bss.o)
 .bss           0x00000000        0x0 d:/atmel studio/7.0/toolchain/avr8/avr8-gnu-toolchain/bin/../lib/gcc/avr/5.4.0/avr5\libgcc.a(_clear_bss.o)
 .text.libgcc.mul
                0x00000000        0x0 d:/atmel studio/7.0/toolchain/avr8/avr8-gnu-toolchain/bin/../lib/gcc/avr/5.4.0/avr5\libgcc.a(_clear_bss.o)
 .text.libgcc.div
                0x00000000        0x0 d:/atmel studio/7.0/toolchain/avr8/avr8-gnu-toolchain/bin/../lib/gcc/avr/5.4.0/avr5\libgcc.a(_clear_bss.o)
 .text.libgcc   0x00000000        0x0 d:/atmel studio/7.0/toolchain/avr8/avr8-gnu-toolchain/bin/../lib/gcc/avr/5.4.0/avr5\libgcc.a(_clear_bss.o)
 .text.libgcc.prologue
                0x00000000        0x0 d:/atmel studio/7.0/toolchain/avr8/avr8-gnu-toolchain/bin/../lib/gcc/avr/5.4.0/avr5\libgcc.a(_clear_bss.o)
 .text.libgcc.builtins
                0x00000000        0x0 d:/atmel studio/7.0/toolchain/avr8/avr8-gnu-toolchain/bin/../lib/gcc/avr/5.4.0/avr5\libgcc.a(_clear_bss.o)
 .text.libgcc.fmul
                0x00000000        0x0 d:/atmel studio/7.0/toolchain/avr8/avr8-gnu-toolchain/bin/../lib/gcc/avr/5.4.0/avr5\libgcc.a(_clear_bss.o)
 .text.libgcc.fixed
                0x00000000        0x0 d:/atmel studio/7.0/toolchain/avr8/avr8-gnu-toolchain/bin/../lib/gcc/avr/5.4.0/avr5\libgcc.a(_clear_bss.o)
 .text          0x00000000        0x0 d:/atmel studio/7.0/toolchain/avr8/avr8-gnu-toolchain/bin/../lib/gcc/avr/5.4.0/avr5\libgcc.a(_umulhisi3.o)
 .data          0x00000000        0x0 d:/atmel studio/7.0/toolchain/avr8/avr8-gnu-toolchain/bin/../lib/gcc/avr/5.4.0/avr5\libgcc.a(_umulhisi3.o)
 .bss           0x00000000        0x0 d:/atmel studio/7.0/toolchain/avr8/avr8-gnu-toolchain/bin/../lib/gcc/avr/5.4.0/avr5\libgcc.a(_umulhisi3.o)
 .text.libgcc.div
                0x00000000        0x0 d:/atmel studio/7.0/toolchain/avr8/avr8-gnu-toolchain/bin/../lib/gcc/avr/5.4.0/avr5\libgcc.a(_umulhisi3.o)
 .text.libgcc   0x00000000        0x0 d:/atmel studio/7.0/toolchain/avr8/avr8-gnu-toolchain/bin/../lib/gcc/avr/5.4.0/avr5\libgcc.a(_umulhisi3.o)
 .text.libgcc.prologue
                0x00000000        0x0 d:/atmel studio/7.0/toolchain/avr8/avr8-gnu-toolchain/bin/../lib/gcc/avr/5.4.0/avr5\libgcc.a(_umulhisi3.o)
 .text.libgcc.builtins
                0x00000000        0x0 d:/atmel studio/7.0/toolchain/avr8/avr8-gnu-toolchain/bin/../lib/gcc/avr/5.4.0/avr5\libgcc.a(_umulhisi3.o)
 .text.libgcc.fmul
                0x00000000        0x0 d:/atmel studio/7.0/toolchain/avr8/avr8-gnu-toolchain/bin/../lib/gcc/avr/5.4.0/avr5\libgcc.a(_umulhisi3.o)
 .text.libgcc.fixed
                0x00000000        0x0 d:/atmel studio/7.0/toolchain/avr8/avr8-gnu-toolchain/bin/../lib/gcc/avr/5.4.0/avr5\libgcc.a(_umulhisi3.o)
 .text          0x00000000        0x0 d:/atmel studio/7.0/toolchain/avr8/avr8-gnu-toolchain/bin/../lib/gcc/avr/5.4.0/avr5\libgcc.a(_muluhisi3.o)
 .data          0x00000000        0x0 d:/atmel studio/7.0/toolchain/avr8/avr8-gnu-toolchain/bin/../lib/gcc/avr/5.4.0/avr5\libgcc.a(_muluhisi3.o)
 .bss           0x00000000        0x0 d:/atmel studio/7.0/toolchain/avr8/avr8-gnu-toolchain/bin/../lib/gcc/avr/5.4.0/avr5\libgcc.a(_muluhisi3.o)
 .text.libgcc.div
                0x00000000        0x0 d:/atmel studio/7.0/toolchain/avr8/avr8-gnu-toolchain/bin/../lib/gcc/avr/5.4.0/avr5\libgcc.a(_muluhisi3.o)
 .text.libgcc   0x00000000        0x0 d:/atmel studio/7.0/toolchain/avr8/avr8-gnu-toolchain/bin/../lib/gcc/avr/5.4.0/avr5\libgcc.a(_muluhisi3.o)
 .text.libgcc.prologue
                0x00000000        0x0 d:/atmel studio/7.0/toolchain/avr8/avr8-gnu-toolchain/bin/../lib/gcc/avr/5.4.0/avr5\libgcc.a(_muluhisi3.o)
 .text.libgcc.builtins
                0x00000000        0x0 d:/atmel studio/7.0/toolchain/avr8/avr8-gnu-toolchain/bin/../lib/gcc/avr/5.4.0/avr5\libgcc.a(_muluhisi3.o)
 .text.libgcc.fmul
                0x00000000        0x0 d:/atmel studio/7.0/toolchain/avr8/avr8-gnu-toolchain/bin/../lib/gcc/avr/5.4.0/avr5\libgcc.a(_muluhisi3.o)
 .text.libgcc.fixed
                0x00000000        0x0 d:/atmel studio/7.0/toolchain/avr8/avr8-gnu-toolchain/bin/../lib/gcc/avr/5.4.0/avr5\libgcc.a(_muluhisi3.o)
 .text          0x00000000        0x0 d:/atmel studio/7.0/toolchain/avr8/avr8-gnu-toolchain/bin/../lib/gcc/avr/5.4.0/../../../../avr/lib/avr5\libc.a(memcpy.o)
 .data          0x00000000        0x0 d:/atmel studio/7.0/toolchain/avr8/avr8-gnu-toolchain/bin/../lib/gcc/avr/5.4.0/../../../../avr/lib/avr5\libc.a(memcpy.o)
 .bss           0x00000000        0x0 d:/atmel studio/7.0/toolchain/avr8/avr8-gnu-toolchain/bin/../lib/gcc/avr/5.4.0/../../../../avr/lib/avr5\libc.a(memcpy.o)
 .text.avr-libc
                0x00000000       0x12 d:/atmel studio/7.0/toolchain/avr8/avr8-gnu-toolchain/bin/../lib/gcc/avr/5.4.0/../../../../avr/lib/avr5\libc.a(memcpy.o)
 .text          0x00000000        0x0 d:/atmel studio/7.0/toolchain/avr8/avr8-gnu-toolchain/bin/../lib/gcc/avr/5.4.0/../../../../avr/lib/avr5\libc.a(memset.o)
 .data          0x00000000        0x0 d:/atmel studio/7.0/toolchain/avr8/avr8-gnu-toolchain/bin/../lib/gcc/avr/5.4.0/../../../../avr/lib/avr5\libc.a(memset.o)
 .bss           0x00000000        0x0 d:/atmel studio/7.0/toolchain/avr8/avr8-gnu-toolchain/bin/../lib/gcc/avr/5.4.0/../../../../avr/lib/avr5\libc.a(memset.o)
 .text          0x00000000        0x0 d:/atmel studio/7.0/toolchain/avr8/avr8-gnu-toolchain/bin/../lib/gcc/avr/5.4.0/../../../../avr/lib/avr5\libc.a(strncpy.o)
 .data          0x00000000        0x0 d:/atmel studio/7.0/toolchain/avr8/avr8-gnu-toolchain/bin/../lib/gcc/avr/5.4.0/../../../../avr/lib/avr5\libc.a(strncpy.o)
 .bss           0x00000000        0x0 d:/atmel studio/7.0/toolchain/avr8/avr8-gnu-toolchain/bin/../lib/gcc/avr/5.4.0/../../../../avr/lib/avr5\libc.a(strncpy.o)
 .text          0x00000000        0x0 D:/ATmel studio/7.0/Packs/atmel/ATmega_DFP/1.7.374/gcc/dev/atmega32/avr5\libatmega32.a(eeupd_byte.o)
 .data          0x00000000        0x0 D:/ATmel studio/7.0/Packs/atmel/ATmega_DFP/1.7.374/gcc/dev/atmega32/avr5\libatmega32.a(eeupd_byte.o)
 .bss           0x00000000        0x0 D:/ATmel studio/7.0/Packs/atmel/ATmega_DFP/1.7.374/gcc/dev/atmega32/avr5\libatmega32.a(eeupd_byte.o)
 .text.avr-libc
                0x00000000       0x22 D:/ATmel studio/7.0/Packs/atmel/ATmega_DFP/1.7.374/gcc/dev/atmega32/avr5\libatmega32.a(eeupd_byte.o)
 .debug_line    0x00000000       0xb0 D:/ATmel studio/7.0/Packs/atmel/ATmega_DFP/1.7.374/gcc/dev/atmega32/avr5\libatmega32.a(eeupd_byte.o)
 .debug_info    0x00000000       0x99 D:/ATmel studio/7.0/Packs/atmel/ATmega_DFP/1.7.374/gcc/dev/atmega32/avr5\libatmega32.a(eeupd_byte.o)
 .debug_abbrev  0x00000000       0x14 D:/ATmel studio/7.0/Packs/atmel/ATmega_DFP/1.7.374/gcc/dev/atmega32/avr5\libatmega32.a(eeupd_byte.o)
 .debug_aranges
                0x00000000       0x20 D:/ATmel studio/7.0/Packs/atmel/ATmega_DFP/1.7.374/gcc/dev/atmega32/avr5\libatmega32.a(eeupd_byte.o)

Memory Configuration

Name             Origin             Length             Attributes
text             0x00000000         0x00008000         xr
data             0x00800060         0x00000800         rw !x
eeprom           0x00810000         0x00000400         rw !x
fuse             0x00820000         0x00000002         rw !x
lock             0x00830000         0x00000400         rw !x
signature        0x00840000         0x00000400         rw !x
user_signatures  0x00850000         0x00000400         rw !x
*default*        0x00000000         0xffffffff

Linker script and memory map

LOAD D:/ATmel studio/7.0/Packs/atmel/ATmega_DFP/1.7.374/gcc/dev/atmega32/avr5/crtatmega32.o
LOAD APP/App.o
LOAD FreeRTOS/Sources/croutine.o
LOAD FreeRTOS/Sources/heap_1.o
LOAD FreeRTOS/Sources/list.o
LOAD FreeRTOS/Sources/port.o
LOAD FreeRTOS/Sources/queue.o
LOAD FreeRTOS/Sources/tasks.o
LOAD FreeRTOS/Sources/timers.o
LOAD HAL/DAC.o
LOAD HAL/Keypad.o
LOAD HAL/LCD.o
LOAD HAL/LEDMRX.o
LOAD HAL/Motor.o
LOAD HAL/Motor_cfg.o
LOAD HAL/RGB.o
LOAD HAL/Sensors.o
LOAD HAL/Servo.o
LOAD HAL/sevenSeg.o
LOAD HAL/Stepper.o
LOAD main.o
LOAD MCAL/ADC.o
LOAD MCAL/DIO.o
LOAD MCAL/DIO_cfg.o
LOAD MCAL/e2prom.o
LOAD MCAL/Exi.o
LOAD MCAL/SPI.o
LOAD MCAL/Timer.o
LOAD MCAL/UART.o
LOAD MCAL/UARTstackApp.o
LOAD MCAL/UART_Services.o
LOAD Parser.o
LOAD Utils.o
START GROUP
LOAD d:/atmel studio/7.0/toolchain/avr8/avr8-gnu-toolchain/bin/../lib/gcc/avr/5.4.0/../../../../avr/lib/avr5\libm.a
END GROUP
START GROUP
LOAD d:/atmel studio/7.0/toolchain/avr8/avr8-gnu-toolchain/bin/../lib/gcc/avr/5.4.0/avr5\libgcc.a
LOAD d:/atmel studio/7.0/toolchain/avr8/avr8-gnu-toolchain/bin/../lib/gcc/avr/5.4.0/../../../../avr/lib/avr5\libm.a
LOAD d:/atmel studio/7.0/toolchain/avr8/avr8-gnu-toolchain/bin/../lib/gcc/avr/5.4.0/../../../../avr/lib/avr5\libc.a
LOAD D:/ATmel studio/7.0/Packs/atmel/ATmega_DFP/1.7.374/gcc/dev/atmega32/avr5\libatmega32.a
END GROUP
                0x00000000                __TEXT_REGION_ORIGIN__ = DEFINED (__TEXT_REGION_ORIGIN__)?__TEXT_REGION_ORIGIN__:0x0
                [0x00800060]                __DATA_REGION_ORIGIN__ = DEFINED (__DATA_REGION_ORIGIN__)?__DATA_REGION_ORIGIN__:0x800060
                [0x00008000]                __TEXT_REGION_LENGTH__ = DEFINED (__TEXT_REGION_LENGTH__)?__TEXT_REGION_LENGTH__:0x20000
                [0x00000800]                __DATA_REGION_LENGTH__ = DEFINED (__DATA_REGION_LENGTH__)?__DATA_REGION_LENGTH__:0xffa0
                [0x00000400]                __EEPROM_REGION_LENGTH__ = DEFINED (__EEPROM_REGION_LENGTH__)?__EEPROM_REGION_LENGTH__:0x10000
                [0x00000002]                __FUSE_REGION_LENGTH__ = DEFINED (__FUSE_REGION_LENGTH__)?__FUSE_REGION_LENGTH__:0x400
                0x00000400                __LOCK_REGION_LENGTH__ = DEFINED (__LOCK_REGION_LENGTH__)?__LOCK_REGION_LENGTH__:0x400
                0x00000400                __SIGNATURE_REGION_LENGTH__ = DEFINED (__SIGNATURE_REGION_LENGTH__)?__SIGNATURE_REGION_LENGTH__:0x400
                0x00000400                __USER_SIGNATURE_REGION_LENGTH__ = DEFINED (__USER_SIGNATURE_REGION_LENGTH__)?__USER_SIGNATURE_REGION_LENGTH__:0x400

.hash
 *(.hash)

.dynsym
 *(.dynsym)

.dynstr
 *(.dynstr)

.gnu.version
 *(.gnu.version)

.gnu.version_d
 *(.gnu.version_d)

.gnu.version_r
 *(.gnu.version_r)

.rel.init
 *(.rel.init)

.rela.init
 *(.rela.init)

.rel.text
 *(.rel.text)
 *(.rel.text.*)
 *(.rel.gnu.linkonce.t*)

.rela.text
 *(.rela.text)
 *(.rela.text.*)
 *(.rela.gnu.linkonce.t*)

.rel.fini
 *(.rel.fini)

.rela.fini
 *(.rela.fini)

.rel.rodata
 *(.rel.rodata)
 *(.rel.rodata.*)
 *(.rel.gnu.linkonce.r*)

.rela.rodata
 *(.rela.rodata)
 *(.rela.rodata.*)
 *(.rela.gnu.linkonce.r*)

.rel.data
 *(.rel.data)
 *(.rel.data.*)
 *(.rel.gnu.linkonce.d*)

.rela.data
 *(.rela.data)
 *(.rela.data.*)
 *(.rela.gnu.linkonce.d*)

.rel.ctors
 *(.rel.ctors)

.rela.ctors
 *(.rela.ctors)

.rel.dtors
 *(.rel.dtors)

.rela.dtors
 *(.rela.dtors)

.rel.got
 *(.rel.got)

.rela.got
 *(.rela.got)

.rel.bss
 *(.rel.bss)

.rela.bss
 *(.rela.bss)

.rel.plt
 *(.rel.plt)

.rela.plt
 *(.rela.plt)

.text           0x00000000     0x348c
 *(.vectors)
 .vectors       0x00000000       0x54 D:/ATmel studio/7.0/Packs/atmel/ATmega_DFP/1.7.374/gcc/dev/atmega32/avr5/crtatmega32.o
                0x00000000                __vector_default
                0x00000000                __vectors
 *(.vectors)
 *(.progmem.gcc*)
                0x00000054                . = ALIGN (0x2)
                0x00000054                __trampolines_start = .
 *(.trampolines)
 .trampolines   0x00000054        0x0 linker stubs
 *(.trampolines*)
                0x00000054                __trampolines_end = .
 *libprintf_flt.a:*(.progmem.data)
 *libc.a:*(.progmem.data)
 *(.progmem*)
                0x00000054                . = ALIGN (0x2)
 *(.jumptables)
 *(.jumptables*)
 *(.lowtext)
 *(.lowtext*)
                0x00000054                __ctors_start = .
 *(.ctors)
                0x00000054                __ctors_end = .
                0x00000054                __dtors_start = .
 *(.dtors)
                0x00000054                __dtors_end = .
 SORT(*)(.ctors)
 SORT(*)(.dtors)
 *(.init0)
 .init0         0x00000054        0x0 D:/ATmel studio/7.0/Packs/atmel/ATmega_DFP/1.7.374/gcc/dev/atmega32/avr5/crtatmega32.o
                0x00000054                __init
 *(.init0)
 *(.init1)
 *(.init1)
 *(.init2)
 .init2         0x00000054        0xc D:/ATmel studio/7.0/Packs/atmel/ATmega_DFP/1.7.374/gcc/dev/atmega32/avr5/crtatmega32.o
 *(.init2)
 *(.init3)
 *(.init3)
 *(.init4)
 .init4         0x00000060       0x16 d:/atmel studio/7.0/toolchain/avr8/avr8-gnu-toolchain/bin/../lib/gcc/avr/5.4.0/avr5\libgcc.a(_copy_data.o)
                0x00000060                __do_copy_data
 .init4         0x00000076       0x10 d:/atmel studio/7.0/toolchain/avr8/avr8-gnu-toolchain/bin/../lib/gcc/avr/5.4.0/avr5\libgcc.a(_clear_bss.o)
                0x00000076                __do_clear_bss
 *(.init4)
 *(.init5)
 *(.init5)
 *(.init6)
 *(.init6)
 *(.init7)
 *(.init7)
 *(.init8)
 *(.init8)
 *(.init9)
 .init9         0x00000086        0x8 D:/ATmel studio/7.0/Packs/atmel/ATmega_DFP/1.7.374/gcc/dev/atmega32/avr5/crtatmega32.o
 *(.init9)
 *(.text)
 .text          0x0000008e        0x4 D:/ATmel studio/7.0/Packs/atmel/ATmega_DFP/1.7.374/gcc/dev/atmega32/avr5/crtatmega32.o
                0x0000008e                __bad_interrupt
                0x0000008e                __vector_17
                0x0000008e                __vector_19
                0x0000008e                __vector_5
                0x0000008e                __vector_4
                0x0000008e                __vector_14
                0x0000008e                __vector_16
                0x0000008e                __vector_18
                0x0000008e                __vector_20
                0x00000092                . = ALIGN (0x2)
 *(.text.*)
 .text.room_init
                0x00000092       0x38 APP/App.o
                0x00000092                room_init
 .text.SPI_func
                0x000000ca       0x4c APP/App.o
                0x000000ca                SPI_func
 .text.Task1_takeAction
                0x00000116       0xc4 APP/App.o
                0x00000116                Task1_takeAction
 .text.Task2_getTemp
                0x000001da       0x68 APP/App.o
                0x000001da                Task2_getTemp
 .text.Task3_AC
                0x00000242       0x7c APP/App.o
                0x00000242                Task3_AC
 .text.pvPortMalloc
                0x000002be       0x8a FreeRTOS/Sources/heap_1.o
                0x000002be                pvPortMalloc
 .text.vPortFree
                0x00000348       0x1a FreeRTOS/Sources/heap_1.o
                0x00000348                vPortFree
 .text.vListInitialise
                0x00000362       0x6c FreeRTOS/Sources/list.o
                0x00000362                vListInitialise
 .text.vListInitialiseItem
                0x000003ce       0x24 FreeRTOS/Sources/list.o
                0x000003ce                vListInitialiseItem
 .text.vListInsertEnd
                0x000003f2       0xb2 FreeRTOS/Sources/list.o
                0x000003f2                vListInsertEnd
 .text.vListInsert
                0x000004a4       0xf0 FreeRTOS/Sources/list.o
                0x000004a4                vListInsert
 .text.vListRemove
                0x00000594       0xa8 FreeRTOS/Sources/list.o
                0x00000594                vListRemove
 .text.pxPortInitialiseStack
                0x0000063c      0x352 FreeRTOS/Sources/port.o
                0x0000063c                pxPortInitialiseStack
 .text.xPortStartScheduler
                0x0000098e       0x6a FreeRTOS/Sources/port.o
                0x0000098e                xPortStartScheduler
 .text.vPortYield
                0x000009f8       0xb4 FreeRTOS/Sources/port.o
                0x000009f8                vPortYield
 .text.prvSetupTimerInterrupt
                0x00000aac       0xc4 FreeRTOS/Sources/port.o
 .text.__vector_7
                0x00000b70       0x5a FreeRTOS/Sources/port.o
                0x00000b70                __vector_7
 .text.xTaskGenericCreate
                0x00000bca      0x1e8 FreeRTOS/Sources/tasks.o
                0x00000bca                xTaskGenericCreate
 .text.vTaskDelay
                0x00000db2       0x6c FreeRTOS/Sources/tasks.o
                0x00000db2                vTaskDelay
 .text.vTaskStartScheduler
                0x00000e1e       0x6e FreeRTOS/Sources/tasks.o
                0x00000e1e                vTaskStartScheduler
 .text.vTaskSuspendAll
                0x00000e8c       0x1a FreeRTOS/Sources/tasks.o
                0x00000e8c                vTaskSuspendAll
 .text.xTaskResumeAll
                0x00000ea6      0x102 FreeRTOS/Sources/tasks.o
                0x00000ea6                xTaskResumeAll
 .text.vTaskIncrementTick
                0x00000fa8      0x1be FreeRTOS/Sources/tasks.o
                0x00000fa8                vTaskIncrementTick
 .text.vTaskSwitchContext
                0x00001166       0xda FreeRTOS/Sources/tasks.o
                0x00001166                vTaskSwitchContext
 .text.prvIdleTask
                0x00001240       0x18 FreeRTOS/Sources/tasks.o
 .text.prvInitialiseTCBVariables
                0x00001258       0xba FreeRTOS/Sources/tasks.o
 .text.prvInitialiseTaskLists
                0x00001312       0x7c FreeRTOS/Sources/tasks.o
 .text.prvCheckTasksWaitingTermination
                0x0000138e       0x80 FreeRTOS/Sources/tasks.o
 .text.prvAddCurrentTaskToDelayedList
                0x0000140e       0x96 FreeRTOS/Sources/tasks.o
 .text.prvAllocateTCBAndStack
                0x000014a4       0x94 FreeRTOS/Sources/tasks.o
 .text.prvDeleteTCB
                0x00001538       0x30 FreeRTOS/Sources/tasks.o
 .text.keypad_init
                0x00001568       0x30 HAL/Keypad.o
                0x00001568                keypad_init
 .text.LCD_WriteCommand
                0x00001598      0x464 HAL/LCD.o
 .text.LCD_WriteData
                0x000019fc      0x464 HAL/LCD.o
 .text.LCD_Init
                0x00001e60      0x20e HAL/LCD.o
                0x00001e60                LCD_Init
 .text.LCD_WriteChar
                0x0000206e       0x1c HAL/LCD.o
                0x0000206e                LCD_WriteChar
 .text.LCD_WriteNumber
                0x0000208a      0x140 HAL/LCD.o
                0x0000208a                LCD_WriteNumber
 .text.LCD_SetCursor
                0x000021ca       0x38 HAL/LCD.o
                0x000021ca                LCD_SetCursor
 .text.temp_read
                0x00002202       0x22 HAL/Sensors.o
                0x00002202                temp_read
 .text.main     0x00002224       0xac main.o
                0x00002224                main
 .text.ADC_Init
                0x000022d0       0xf2 MCAL/ADC.o
                0x000022d0                ADC_Init
 .text.ADC_Read
                0x000023c2       0x82 MCAL/ADC.o
                0x000023c2                ADC_Read
 .text.ADC_adcToVolt
                0x00002444       0x62 MCAL/ADC.o
                0x00002444                ADC_adcToVolt
 .text.DIO_init_pin
                0x000024a6      0x500 MCAL/DIO.o
                0x000024a6                DIO_init_pin
 .text.DIO_init
                0x000029a6       0x42 MCAL/DIO.o
                0x000029a6                DIO_init
 .text.DIO_write
                0x000029e8      0x228 MCAL/DIO.o
                0x000029e8                DIO_write
 .text.__vector_1
                0x00002c10       0x6e MCAL/Exi.o
                0x00002c10                __vector_1
 .text.__vector_2
                0x00002c7e       0x6e MCAL/Exi.o
                0x00002c7e                __vector_2
 .text.__vector_3
                0x00002cec       0x6e MCAL/Exi.o
                0x00002cec                __vector_3
 .text.SPI_Init
                0x00002d5a       0x34 MCAL/SPI.o
                0x00002d5a                SPI_Init
 .text.SPI_ReceiveNoBlock
                0x00002d8e       0x16 MCAL/SPI.o
                0x00002d8e                SPI_ReceiveNoBlock
 .text.SPI_SendNoBlock
                0x00002da4       0x20 MCAL/SPI.o
                0x00002da4                SPI_SendNoBlock
 .text.SPI_InterruptEnable
                0x00002dc4       0x22 MCAL/SPI.o
                0x00002dc4                SPI_InterruptEnable
 .text.SPI_SetCallBack
                0x00002de6       0x26 MCAL/SPI.o
                0x00002de6                SPI_SetCallBack
 .text.__vector_12
                0x00002e0c       0x62 MCAL/SPI.o
                0x00002e0c                __vector_12
 .text.__vector_11
                0x00002e6e       0x6e MCAL/Timer.o
                0x00002e6e                __vector_11
 .text.__vector_10
                0x00002edc       0x6e MCAL/Timer.o
                0x00002edc                __vector_10
 .text.__vector_9
                0x00002f4a       0x6e MCAL/Timer.o
                0x00002f4a                __vector_9
 .text.__vector_8
                0x00002fb8       0x6e MCAL/Timer.o
                0x00002fb8                __vector_8
 .text.__vector_6
                0x00003026       0x6e MCAL/Timer.o
                0x00003026                __vector_6
 .text.__vector_13
                0x00003094       0x6e MCAL/UART.o
                0x00003094                __vector_13
 .text.__vector_15
                0x00003102       0x6e MCAL/UART.o
                0x00003102                __vector_15
 .text.avr-libc.fplib
                0x00003170        0xa d:/atmel studio/7.0/toolchain/avr8/avr8-gnu-toolchain/bin/../lib/gcc/avr/5.4.0/../../../../avr/lib/avr5\libm.a(cmpsf2.o)
                0x00003170                __nesf2
                0x00003170                __eqsf2
                0x00003170                __cmpsf2
                0x00003170                __ltsf2
                0x00003170                __lesf2
 .text.avr-libc.fplib
                0x0000317a       0x5e d:/atmel studio/7.0/toolchain/avr8/avr8-gnu-toolchain/bin/../lib/gcc/avr/5.4.0/../../../../avr/lib/avr5\libm.a(fixunssfsi.o)
                0x0000317a                __fixunssfsi
 .text.avr-libc.fplib
                0x000031d8       0x48 d:/atmel studio/7.0/toolchain/avr8/avr8-gnu-toolchain/bin/../lib/gcc/avr/5.4.0/../../../../avr/lib/avr5\libm.a(fp_cmp.o)
                0x000031d8                __fp_cmp
 .text.avr-libc.fplib
                0x00003220        0xc d:/atmel studio/7.0/toolchain/avr8/avr8-gnu-toolchain/bin/../lib/gcc/avr/5.4.0/../../../../avr/lib/avr5\libm.a(fp_inf.o)
                0x00003220                __fp_inf
 .text.avr-libc.fplib
                0x0000322c        0x6 d:/atmel studio/7.0/toolchain/avr8/avr8-gnu-toolchain/bin/../lib/gcc/avr/5.4.0/../../../../avr/lib/avr5\libm.a(fp_nan.o)
                0x0000322c                __fp_nan
 .text.avr-libc.fplib
                0x00003232        0xe d:/atmel studio/7.0/toolchain/avr8/avr8-gnu-toolchain/bin/../lib/gcc/avr/5.4.0/../../../../avr/lib/avr5\libm.a(fp_pscA.o)
                0x00003232                __fp_pscA
 .text.avr-libc.fplib
                0x00003240        0xe d:/atmel studio/7.0/toolchain/avr8/avr8-gnu-toolchain/bin/../lib/gcc/avr/5.4.0/../../../../avr/lib/avr5\libm.a(fp_pscB.o)
                0x00003240                __fp_pscB
 .text.avr-libc.fplib
                0x0000324e       0x22 d:/atmel studio/7.0/toolchain/avr8/avr8-gnu-toolchain/bin/../lib/gcc/avr/5.4.0/../../../../avr/lib/avr5\libm.a(fp_round.o)
                0x0000324e                __fp_round
 .text.avr-libc.fplib
                0x00003270       0x44 d:/atmel studio/7.0/toolchain/avr8/avr8-gnu-toolchain/bin/../lib/gcc/avr/5.4.0/../../../../avr/lib/avr5\libm.a(fp_split3.o)
                0x00003270                __fp_split3
                0x00003280                __fp_splitA
 .text.avr-libc.fplib
                0x000032b4        0xe d:/atmel studio/7.0/toolchain/avr8/avr8-gnu-toolchain/bin/../lib/gcc/avr/5.4.0/../../../../avr/lib/avr5\libm.a(fp_zero.o)
                0x000032b4                __fp_zero
                0x000032b6                __fp_szero
 .text.avr-libc.fplib
                0x000032c2        0xa d:/atmel studio/7.0/toolchain/avr8/avr8-gnu-toolchain/bin/../lib/gcc/avr/5.4.0/../../../../avr/lib/avr5\libm.a(gesf2.o)
                0x000032c2                __gesf2
                0x000032c2                __gtsf2
 .text.avr-libc.fplib
                0x000032cc        0x8 d:/atmel studio/7.0/toolchain/avr8/avr8-gnu-toolchain/bin/../lib/gcc/avr/5.4.0/../../../../avr/lib/avr5\libm.a(mulsf3.o)
                0x000032cc                __mulsf3
 .text.avr-libc.fplib
                0x000032d4       0xd2 d:/atmel studio/7.0/toolchain/avr8/avr8-gnu-toolchain/bin/../lib/gcc/avr/5.4.0/../../../../avr/lib/avr5\libm.a(mulsf3x.o)
                0x000032f2                __mulsf3x
                0x000032f8                __mulsf3_pse
 .text.libgcc.div
                0x000033a6       0x44 d:/atmel studio/7.0/toolchain/avr8/avr8-gnu-toolchain/bin/../lib/gcc/avr/5.4.0/avr5\libgcc.a(_udivmodsi4.o)
                0x000033a6                __udivmodsi4
 .text.libgcc.div
                0x000033ea       0x2e d:/atmel studio/7.0/toolchain/avr8/avr8-gnu-toolchain/bin/../lib/gcc/avr/5.4.0/avr5\libgcc.a(_divmodsi4.o)
                0x000033ea                __divmodsi4
 .text.libgcc.div
                0x00003418       0x10 d:/atmel studio/7.0/toolchain/avr8/avr8-gnu-toolchain/bin/../lib/gcc/avr/5.4.0/avr5\libgcc.a(_negsi2.o)
                0x00003418                __negsi2
 .text.libgcc.mul
                0x00003428       0x1e d:/atmel studio/7.0/toolchain/avr8/avr8-gnu-toolchain/bin/../lib/gcc/avr/5.4.0/avr5\libgcc.a(_umulhisi3.o)
                0x00003428                __umulhisi3
 .text.libgcc.mul
                0x00003446       0x16 d:/atmel studio/7.0/toolchain/avr8/avr8-gnu-toolchain/bin/../lib/gcc/avr/5.4.0/avr5\libgcc.a(_muluhisi3.o)
                0x00003446                __muluhisi3
 .text.avr-libc
                0x0000345c        0xe d:/atmel studio/7.0/toolchain/avr8/avr8-gnu-toolchain/bin/../lib/gcc/avr/5.4.0/../../../../avr/lib/avr5\libc.a(memset.o)
                0x0000345c                memset
 .text.avr-libc
                0x0000346a       0x1e d:/atmel studio/7.0/toolchain/avr8/avr8-gnu-toolchain/bin/../lib/gcc/avr/5.4.0/../../../../avr/lib/avr5\libc.a(strncpy.o)
                0x0000346a                strncpy
                0x00003488                . = ALIGN (0x2)
 *(.fini9)
 .fini9         0x00003488        0x0 d:/atmel studio/7.0/toolchain/avr8/avr8-gnu-toolchain/bin/../lib/gcc/avr/5.4.0/avr5\libgcc.a(_exit.o)
                0x00003488                _exit
                0x00003488                exit
 *(.fini9)
 *(.fini8)
 *(.fini8)
 *(.fini7)
 *(.fini7)
 *(.fini6)
 *(.fini6)
 *(.fini5)
 *(.fini5)
 *(.fini4)
 *(.fini4)
 *(.fini3)
 *(.fini3)
 *(.fini2)
 *(.fini2)
 *(.fini1)
 *(.fini1)
 *(.fini0)
 .fini0         0x00003488        0x4 d:/atmel studio/7.0/toolchain/avr8/avr8-gnu-toolchain/bin/../lib/gcc/avr/5.4.0/avr5\libgcc.a(_exit.o)
 *(.fini0)
                0x0000348c                _etext = .

.data           0x00800060       0x2e load address 0x0000348c
                0x00800060                PROVIDE (__data_start, .)
 *(.data)
 *(.data*)
 .data.recdata  0x00800060        0x1 APP/App.o
                0x00800060                recdata
 .data.room_pins
                0x00800061        0x6 APP/App.o
                0x00800061                room_pins
 .data.xNextTaskUnblockTime
                0x00800067        0x2 FreeRTOS/Sources/tasks.o
 *(.gnu.linkonce.d*)
 *(.rodata)
 .rodata        0x00800069        0x5 FreeRTOS/Sources/tasks.o
 *(.rodata*)
 .rodata.pinstatusarray
                0x0080006e       0x20 MCAL/DIO_cfg.o
                0x0080006e                pinstatusarray
 *(.gnu.linkonce.r*)
                0x0080008e                . = ALIGN (0x2)
                0x0080008e                _edata = .
                0x0080008e                PROVIDE (__data_end, .)

.bss            0x0080008e      0x4d2
                0x0080008e                PROVIDE (__bss_start, .)
 *(.bss)
 *(.bss*)
 .bss.roomst    0x0080008e        0x6 APP/App.o
                0x0080008e                roomst
 .bss.ACflag    0x00800094        0x1 APP/App.o
                0x00800094                ACflag
 .bss.xHeap     0x00800095      0x44c FreeRTOS/Sources/heap_1.o
 .bss.xNextFreeByte
                0x008004e1        0x2 FreeRTOS/Sources/heap_1.o
 .bss.pxCurrentTCB
                0x008004e3        0x2 FreeRTOS/Sources/tasks.o
                0x008004e3                pxCurrentTCB
 .bss.pxReadyTasksLists
                0x008004e5       0x2d FreeRTOS/Sources/tasks.o
 .bss.xDelayedTaskList1
                0x00800512        0x9 FreeRTOS/Sources/tasks.o
 .bss.xDelayedTaskList2
                0x0080051b        0x9 FreeRTOS/Sources/tasks.o
 .bss.pxDelayedTaskList
                0x00800524        0x2 FreeRTOS/Sources/tasks.o
 .bss.pxOverflowDelayedTaskList
                0x00800526        0x2 FreeRTOS/Sources/tasks.o
 .bss.xPendingReadyList
                0x00800528        0x9 FreeRTOS/Sources/tasks.o
 .bss.xTasksWaitingTermination
                0x00800531        0x9 FreeRTOS/Sources/tasks.o
 .bss.uxTasksDeleted
                0x0080053a        0x1 FreeRTOS/Sources/tasks.o
 .bss.uxCurrentNumberOfTasks
                0x0080053b        0x1 FreeRTOS/Sources/tasks.o
 .bss.xTickCount
                0x0080053c        0x2 FreeRTOS/Sources/tasks.o
 .bss.uxTopUsedPriority
                0x0080053e        0x1 FreeRTOS/Sources/tasks.o
 .bss.uxTopReadyPriority
                0x0080053f        0x1 FreeRTOS/Sources/tasks.o
 .bss.xSchedulerRunning
                0x00800540        0x1 FreeRTOS/Sources/tasks.o
 .bss.uxSchedulerSuspended
                0x00800541        0x1 FreeRTOS/Sources/tasks.o
 .bss.uxMissedTicks
                0x00800542        0x1 FreeRTOS/Sources/tasks.o
 .bss.xMissedYield
                0x00800543        0x1 FreeRTOS/Sources/tasks.o
 .bss.xNumOfOverflows
                0x00800544        0x1 FreeRTOS/Sources/tasks.o
 .bss.uxTaskNumber
                0x00800545        0x1 FreeRTOS/Sources/tasks.o
 .bss.INT0_FPTR
                0x00800546        0x2 MCAL/Exi.o
 .bss.INT1_FPTR
                0x00800548        0x2 MCAL/Exi.o
 .bss.INT2_FPTR
                0x0080054a        0x2 MCAL/Exi.o
 .bss.SPI_FPTR  0x0080054c        0x2 MCAL/SPI.o
 .bss.Timer0_FPTR
                0x0080054e        0x2 MCAL/Timer.o
 .bss.OC0_FPTR  0x00800550        0x2 MCAL/Timer.o
 .bss.ICU_FPTR  0x00800552        0x2 MCAL/Timer.o
 .bss.Timer1_FPTR
                0x00800554        0x2 MCAL/Timer.o
 .bss.OC1B_FPTR
                0x00800556        0x2 MCAL/Timer.o
 .bss.UART_RX_Fptr
                0x00800558        0x2 MCAL/UART.o
 .bss.UART_TX_Fptr
                0x0080055a        0x2 MCAL/UART.o
 *(COMMON)
 COMMON         0x0080055c        0x4 APP/App.o
                0x0080055c                temp
                0x0080055e                tempsent
                0x0080055f                roomind
                0x00800560                PROVIDE (__bss_end, .)
                0x0000348c                __data_load_start = LOADADDR (.data)
                0x000034ba                __data_load_end = (__data_load_start + SIZEOF (.data))

.noinit         0x00800560        0x0
                [!provide]                PROVIDE (__noinit_start, .)
 *(.noinit*)
                [!provide]                PROVIDE (__noinit_end, .)
                0x00800560                _end = .
                [!provide]                PROVIDE (__heap_start, .)

.eeprom         0x00810000        0x0
 *(.eeprom*)
                0x00810000                __eeprom_end = .

.fuse
 *(.fuse)
 *(.lfuse)
 *(.hfuse)
 *(.efuse)

.lock
 *(.lock*)

.signature
 *(.signature*)

.user_signatures
 *(.user_signatures*)

.stab
 *(.stab)

.stabstr
 *(.stabstr)

.stab.excl
 *(.stab.excl)

.stab.exclstr
 *(.stab.exclstr)

.stab.index
 *(.stab.index)

.stab.indexstr
 *(.stab.indexstr)

.comment        0x00000000       0x30
 *(.comment)
 .comment       0x00000000       0x30 APP/App.o
                                 0x31 (size before relaxing)
 .comment       0x00000030       0x31 FreeRTOS/Sources/heap_1.o
 .comment       0x00000030       0x31 FreeRTOS/Sources/list.o
 .comment       0x00000030       0x31 FreeRTOS/Sources/port.o
 .comment       0x00000030       0x31 FreeRTOS/Sources/tasks.o
 .comment       0x00000030       0x31 HAL/Keypad.o
 .comment       0x00000030       0x31 HAL/LCD.o
 .comment       0x00000030       0x31 HAL/Sensors.o
 .comment       0x00000030       0x31 main.o
 .comment       0x00000030       0x31 MCAL/ADC.o
 .comment       0x00000030       0x31 MCAL/DIO.o
 .comment       0x00000030       0x31 MCAL/DIO_cfg.o
 .comment       0x00000030       0x31 MCAL/Exi.o
 .comment       0x00000030       0x31 MCAL/SPI.o
 .comment       0x00000030       0x31 MCAL/Timer.o
 .comment       0x00000030       0x31 MCAL/UART.o

.note.gnu.avr.deviceinfo
                0x00000000       0x3c
 .note.gnu.avr.deviceinfo
                0x00000000       0x3c D:/ATmel studio/7.0/Packs/atmel/ATmega_DFP/1.7.374/gcc/dev/atmega32/avr5/crtatmega32.o

.note.gnu.build-id
 *(.note.gnu.build-id)

.debug
 *(.debug)

.line
 *(.line)

.debug_srcinfo
 *(.debug_srcinfo)

.debug_sfnames
 *(.debug_sfnames)

.debug_aranges
 *(.debug_aranges)

.debug_pubnames
 *(.debug_pubnames)

.debug_info     0x00000000      0x4e6
 *(.debug_info .gnu.linkonce.wi.*)
 .debug_info    0x00000000      0x4e6 D:/ATmel studio/7.0/Packs/atmel/ATmega_DFP/1.7.374/gcc/dev/atmega32/avr5/crtatmega32.o

.debug_abbrev   0x00000000      0x4a3
 *(.debug_abbrev)
 .debug_abbrev  0x00000000      0x4a3 D:/ATmel studio/7.0/Packs/atmel/ATmega_DFP/1.7.374/gcc/dev/atmega32/avr5/crtatmega32.o

.debug_line     0x00000000      0x116
 *(.debug_line .debug_line.* .debug_line_end)
 .debug_line    0x00000000      0x116 D:/ATmel studio/7.0/Packs/atmel/ATmega_DFP/1.7.374/gcc/dev/atmega32/avr5/crtatmega32.o

.debug_frame
 *(.debug_frame)

.debug_str      0x00000000      0x196
 *(.debug_str)
 .debug_str     0x00000000      0x196 D:/ATmel studio/7.0/Packs/atmel/ATmega_DFP/1.7.374/gcc/dev/atmega32/avr5/crtatmega32.o

.debug_loc
 *(.debug_loc)

.debug_macinfo
 *(.debug_macinfo)

.debug_weaknames
 *(.debug_weaknames)

.debug_funcnames
 *(.debug_funcnames)

.debug_typenames
 *(.debug_typenames)

.debug_varnames
 *(.debug_varnames)

.debug_pubtypes
 *(.debug_pubtypes)

.debug_ranges
 *(.debug_ranges)

.debug_macro
 *(.debug_macro)
OUTPUT(diploma.elf elf32-avr)
LOAD linker stubs
